ARM Linker, 5.03 [Build 24] [MDK-ARM Standard]

==============================================================================

Section Cross References

    stm32f10x_it.o(i.DMA1_Channel5_IRQHandler) refers to stm32f10x_dma.o(i.DMA_GetITStatus) for DMA_GetITStatus
    stm32f10x_it.o(i.DMA1_Channel5_IRQHandler) refers to stm32f10x_dma.o(i.DMA_ClearITPendingBit) for DMA_ClearITPendingBit
    stm32f10x_it.o(i.DMA1_Channel5_IRQHandler) refers to i2s.o(.data) for i2s_tx_callback
    stm32f10x_it.o(i.EXTI9_5_IRQHandler) refers to os_cpu_a.o(.text) for OS_CPU_SR_Save
    stm32f10x_it.o(i.EXTI9_5_IRQHandler) refers to os_core.o(i.OSIntExit) for OSIntExit
    stm32f10x_it.o(i.EXTI9_5_IRQHandler) refers to os_core.o(.data) for OSIntNesting
    stm32f10x_it.o(i.RTC_IRQHandler) refers to os_core.o(i.OSIntEnter) for OSIntEnter
    stm32f10x_it.o(i.RTC_IRQHandler) refers to os_core.o(i.OSIntExit) for OSIntExit
    stm32f10x_it.o(i.RTC_IRQHandler) refers to os_core.o(.data) for OSIntNesting
    stm32f10x_it.o(i.SDIO_IRQHandler) refers to os_core.o(i.OSIntEnter) for OSIntEnter
    stm32f10x_it.o(i.SDIO_IRQHandler) refers to sdio_sdcard.o(i.SD_ProcessIRQSrc) for SD_ProcessIRQSrc
    stm32f10x_it.o(i.SDIO_IRQHandler) refers to os_core.o(i.OSIntExit) for OSIntExit
    stm32f10x_it.o(i.SysTick_Handler) refers to os_cpu_a.o(.text) for OS_CPU_SR_Save
    stm32f10x_it.o(i.SysTick_Handler) refers to os_core.o(i.OSTimeTick) for OSTimeTick
    stm32f10x_it.o(i.SysTick_Handler) refers to target.o(i.UserTick) for UserTick
    stm32f10x_it.o(i.SysTick_Handler) refers to os_core.o(i.OSIntExit) for OSIntExit
    stm32f10x_it.o(i.SysTick_Handler) refers to os_core.o(.data) for OSIntNesting
    stm32f10x_it.o(i.USART1_IRQHandler) refers to stm32f10x_usart.o(i.USART_GetITStatus) for USART_GetITStatus
    stm32f10x_it.o(i.USART1_IRQHandler) refers to stm32f10x_usart.o(i.USART_ReceiveData) for USART_ReceiveData
    stm32f10x_it.o(i.USART1_IRQHandler) refers to stm32f10x_usart.o(i.USART_SendData) for USART_SendData
    stm32f10x_it.o(i.USART1_IRQHandler) refers to stm32f10x_usart.o(i.USART_ClearFlag) for USART_ClearFlag
    stm32f10x_it.o(i.USB_LP_CAN1_RX0_IRQHandler) refers to os_cpu_a.o(.text) for OS_CPU_SR_Save
    stm32f10x_it.o(i.USB_LP_CAN1_RX0_IRQHandler) refers to can.o(i.CAN_RcvDataInt) for CAN_RcvDataInt
    stm32f10x_it.o(i.USB_LP_CAN1_RX0_IRQHandler) refers to os_core.o(i.OSIntExit) for OSIntExit
    stm32f10x_it.o(i.USB_LP_CAN1_RX0_IRQHandler) refers to os_core.o(.data) for OSIntNesting
    main.o(i.OSCreateEvent) refers to os_q.o(i.OSQCreate) for OSQCreate
    main.o(i.OSCreateEvent) refers to voice.o(.bss) for MsgQueueTbl
    main.o(i.OSCreateEvent) refers to voice.o(.data) for MsgQueue
    main.o(i.TaskStart) refers to target.o(i.SysTickConfiguartion) for SysTickConfiguartion
    main.o(i.TaskStart) refers to os_task.o(i.OSTaskCreateExt) for OSTaskCreateExt
    main.o(i.TaskStart) refers to os_task.o(i.OSTaskDel) for OSTaskDel
    main.o(i.TaskStart) refers to voice.o(.data) for SoftTimer
    main.o(i.TaskStart) refers to main.o(.bss) for TaskPlayLogicStk
    main.o(i.TaskStart) refers to playlogic.o(i.TaskPlayLogic) for TaskPlayLogic
    main.o(i.TaskStart) refers to playsound.o(i.TaskPLAYSOUND) for TaskPLAYSOUND
    main.o(i.TaskStart) refers to task5.o(i.TaskCanSendMessage) for TaskCanSendMessage
    main.o(i.main) refers to os_core.o(i.OSInit) for OSInit
    main.o(i.main) refers to main.o(i.OSCreateEvent) for OSCreateEvent
    main.o(i.main) refers to target.o(i.TargetInit) for TargetInit
    main.o(i.main) refers to voice.o(i.Init_FreeList) for Init_FreeList
    main.o(i.main) refers to os_task.o(i.OSTaskCreate) for OSTaskCreate
    main.o(i.main) refers to os_core.o(i.OSStart) for OSStart
    main.o(i.main) refers to main.o(.bss) for TASK_START_STK
    main.o(i.main) refers to main.o(i.TaskStart) for TaskStart
    target.o(i.BSP_CPU_ClkFreq) refers to stm32f10x_rcc.o(i.RCC_GetClocksFreq) for RCC_GetClocksFreq
    target.o(i.GPIOConfiguration) refers to stm32f10x_rcc.o(i.RCC_APB2PeriphClockCmd) for RCC_APB2PeriphClockCmd
    target.o(i.GPIOConfiguration) refers to stm32f10x_gpio.o(i.GPIO_Init) for GPIO_Init
    target.o(i.IWDG_Configuration) refers to stm32f10x_iwdg.o(i.IWDG_WriteAccessCmd) for IWDG_WriteAccessCmd
    target.o(i.IWDG_Configuration) refers to stm32f10x_iwdg.o(i.IWDG_SetPrescaler) for IWDG_SetPrescaler
    target.o(i.IWDG_Configuration) refers to stm32f10x_iwdg.o(i.IWDG_SetReload) for IWDG_SetReload
    target.o(i.IWDG_Configuration) refers to stm32f10x_iwdg.o(i.IWDG_ReloadCounter) for IWDG_ReloadCounter
    target.o(i.IWDG_Configuration) refers to stm32f10x_iwdg.o(i.IWDG_Enable) for IWDG_Enable
    target.o(i.NVICConfiguration) refers to misc.o(i.NVIC_SetVectorTable) for NVIC_SetVectorTable
    target.o(i.OS_CPU_SysTickClkFreq) refers to target.o(i.BSP_CPU_ClkFreq) for BSP_CPU_ClkFreq
[...]
    TIM8_BRK_IRQHandler                      0x080001ff   Thumb Code     0  startup_stm32f10x_hd.o(.text)
    TIM8_CC_IRQHandler                       0x080001ff   Thumb Code     0  startup_stm32f10x_hd.o(.text)
    TIM8_TRG_COM_IRQHandler                  0x080001ff   Thumb Code     0  startup_stm32f10x_hd.o(.text)
    TIM8_UP_IRQHandler                       0x080001ff   Thumb Code     0  startup_stm32f10x_hd.o(.text)
    UART4_IRQHandler                         0x080001ff   Thumb Code     0  startup_stm32f10x_hd.o(.text)
    UART5_IRQHandler                         0x080001ff   Thumb Code     0  startup_stm32f10x_hd.o(.text)
    sysreset                                 0x08000201   Thumb Code     0  startup_stm32f10x_hd.o(.text)
    __aeabi_memcpy                           0x08000215   Thumb Code    36  memcpya.o(.text)
    __aeabi_memcpy4                          0x08000215   Thumb Code     0  memcpya.o(.text)
    __aeabi_memcpy8                          0x08000215   Thumb Code     0  memcpya.o(.text)
    __aeabi_memset                           0x08000239   Thumb Code    14  memseta.o(.text)
    __aeabi_memset4                          0x08000239   Thumb Code     0  memseta.o(.text)
    __aeabi_memset8                          0x08000239   Thumb Code     0  memseta.o(.text)
    __aeabi_memclr                           0x08000247   Thumb Code     4  memseta.o(.text)
    __aeabi_memclr4                          0x08000247   Thumb Code     0  memseta.o(.text)
    __aeabi_memclr8                          0x08000247   Thumb Code     0  memseta.o(.text)
    _memset$wrapper                          0x0800024b   Thumb Code    18  memseta.o(.text)
    strcat                                   0x0800025d   Thumb Code    24  strcat.o(.text)
    __aeabi_dmul                             0x08000275   Thumb Code   228  dmul.o(.text)
    __aeabi_ui2d                             0x08000359   Thumb Code    26  dfltui.o(.text)
    __aeabi_d2uiz                            0x08000373   Thumb Code    50  dfixui.o(.text)
    __aeabi_llsr                             0x080003a5   Thumb Code    32  llushr.o(.text)
    _ll_ushift_r                             0x080003a5   Thumb Code     0  llushr.o(.text)
    __I$use$fp                               0x080003c5   Thumb Code     0  iusefp.o(.text)
    _double_round                            0x080003c5   Thumb Code    26  depilogue.o(.text)
    _double_epilogue                         0x080003df   Thumb Code   164  depilogue.o(.text)
    __scatterload                            0x08000485   Thumb Code    28  init.o(.text)
    __scatterload_rt2                        0x08000485   Thumb Code     0  init.o(.text)
    __aeabi_llsl                             0x080004a9   Thumb Code    30  llshl.o(.text)
    _ll_shift_l                              0x080004a9   Thumb Code     0  llshl.o(.text)
    __decompress                             0x080004c7   Thumb Code     0  __dczerorl2.o(.text)
    __decompress1                            0x080004c7   Thumb Code    92  __dczerorl2.o(.text)
    ADC1Init_Base                            0x08000525   Thumb Code   168  voice.o(i.ADC1Init_Base)
    ADC1_2_IRQHandler                        0x080005d5   Thumb Code     2  stm32f10x_it.o(i.ADC1_2_IRQHandler)
    ADC_Cmd                                  0x080005d7   Thumb Code    22  stm32f10x_adc.o(i.ADC_Cmd)
    ADC_DMACmd                               0x080005ed   Thumb Code    22  stm32f10x_adc.o(i.ADC_DMACmd)
    ADC_DeInit                               0x08000605   Thumb Code    78  stm32f10x_adc.o(i.ADC_DeInit)
    ADC_GetCalibrationStatus                 0x08000661   Thumb Code    20  stm32f10x_adc.o(i.ADC_GetCalibrationStatus)
    ADC_GetResetCalibrationStatus            0x08000675   Thumb Code    20  stm32f10x_adc.o(i.ADC_GetResetCalibrationStatus)
    ADC_Init                                 0x08000689   Thumb Code    70  stm32f10x_adc.o(i.ADC_Init)
    ADC_RegularChannelConfig                 0x080006d9   Thumb Code   184  stm32f10x_adc.o(i.ADC_RegularChannelConfig)
    ADC_ResetCalibration                     0x08000791   Thumb Code    10  stm32f10x_adc.o(i.ADC_ResetCalibration)
    ADC_SoftwareStartConvCmd                 0x0800079b   Thumb Code    22  stm32f10x_adc.o(i.ADC_SoftwareStartConvCmd)
    ADC_StartCalibration                     0x080007b1   Thumb Code    10  stm32f10x_adc.o(i.ADC_StartCalibration)
    ADCfliter                                0x080007bd   Thumb Code    94  voice.o(i.ADCfliter)
    BusFault_Handler                         0x08000825   Thumb Code     4  stm32f10x_it.o(i.BusFault_Handler)
    CAN1Init                                 0x08000829   Thumb Code    20  can.o(i.CAN1Init)
    CAN1_Filter_Config                       0x0800083d   Thumb Code   270  can.o(i.CAN1_Filter_Config)
    CAN1_GPIO_Config                         0x08000951   Thumb Code    76  can.o(i.CAN1_GPIO_Config)
    CAN1_Mode_Config                         0x080009a1   Thumb Code    84  can.o(i.CAN1_Mode_Config)
    CAN1_NVIC_Config                         0x080009f9   Thumb Code    64  can.o(i.CAN1_NVIC_Config)
    CAN1_RX1_IRQHandler                      0x08000a39   Thumb Code     2  stm32f10x_it.o(i.CAN1_RX1_IRQHandler)
    CAN1_SCE_IRQHandler                      0x08000a3b   Thumb Code     2  stm32f10x_it.o(i.CAN1_SCE_IRQHandler)
    CAN_DeInit                               0x08000a3d   Thumb Code    50  stm32f10x_can.o(i.CAN_DeInit)
    CAN_FIFOCopyOne                          0x08000a75   Thumb Code    34  can.o(i.CAN_FIFOCopyOne)
    CAN_FIFODeleteOne                        0x08000a97   Thumb Code   132  can.o(i.CAN_FIFODeleteOne)
    CAN_FIFOFlush                            0x08000b1b   Thumb Code    10  can.o(i.CAN_FIFOFlush)
    CAN_FIFOGetOne                           0x08000b25   Thumb Code    56  can.o(i.CAN_FIFOGetOne)
    CAN_FIFOPeek                             0x08000b5d   Thumb Code     6  can.o(i.CAN_FIFOPeek)
    CAN_FIFOPutOne                           0x08000b63   Thumb Code    56  can.o(i.CAN_FIFOPutOne)
    CAN_FIFORelease                          0x08000b9b   Thumb Code    22  stm32f10x_can.o(i.CAN_FIFORelease)
    CAN_FilterInit                           0x08000bb1   Thumb Code   258  stm32f10x_can.o(i.CAN_FilterInit)
    CAN_GetFlagStatus                        0x08000cb9   Thumb Code   120  stm32f10x_can.o(i.CAN_GetFlagStatus)
    CAN_ITConfig                             0x08000d31   Thumb Code    18  stm32f10x_can.o(i.CAN_ITConfig)
    CAN_Init                                 0x08000d43   Thumb Code   276  stm32f10x_can.o(i.CAN_Init)
    CAN_MessagePending                       0x08000e57   Thumb Code    30  stm32f10x_can.o(i.CAN_MessagePending)
    CAN_PlaySoundAnalyse                     0x08000e75   Thumb Code   544  can.o(i.CAN_PlaySoundAnalyse)
    CAN_RcvDataInt                           0x080010bd   Thumb Code   446  can.o(i.CAN_RcvDataInt)
    CAN_Receive                              0x0800128d   Thumb Code   240  stm32f10x_can.o(i.CAN_Receive)
    CAN_RxDateAnalyse                        0x0800137d   Thumb Code    72  can.o(i.CAN_RxDateAnalyse)
    CAN_RxStopDateAnalyse                    0x080013d1   Thumb Code    94  can.o(i.CAN_RxStopDateAnalyse)
    CAN_SendData                             0x08001445   Thumb Code   222  can.o(i.CAN_SendData)
    CAN_StructInit                           0x0800152d   Thumb Code    32  stm32f10x_can.o(i.CAN_StructInit)
    CAN_Transmit                             0x0800154d   Thumb Code   294  stm32f10x_can.o(i.CAN_Transmit)
    CAN_TransmitStatus                       0x08001675   Thumb Code   136  stm32f10x_can.o(i.CAN_TransmitStatus)
    CAN_TxFrame                              0x08001711   Thumb Code   158  can.o(i.CAN_TxFrame)
    ConfStartPlay                            0x08001995   Thumb Code    30  test_wm8978.o(i.ConfStartPlay)
    CopyFinInfor                             0x080019b5   Thumb Code    28  playlogic.o(i.CopyFinInfor)
    CopyInfor                                0x080019d5   Thumb Code    28  playlogic.o(i.CopyInfor)
    DMA1_Channel1_IRQHandler                 0x080019f5   Thumb Code     2  stm32f10x_it.o(i.DMA1_Channel1_IRQHandler)
    DMA1_Channel2_IRQHandler                 0x080019f7   Thumb Code     2  stm32f10x_it.o(i.DMA1_Channel2_IRQHandler)
    DMA1_Channel3_IRQHandler                 0x080019f9   Thumb Code     2  stm32f10x_it.o(i.DMA1_Channel3_IRQHandler)
    DMA1_Channel4_IRQHandler                 0x080019fb   Thumb Code     2  stm32f10x_it.o(i.DMA1_Channel4_IRQHandler)
    DMA1_Channel5_IRQHandler                 0x080019fd   Thumb Code    28  stm32f10x_it.o(i.DMA1_Channel5_IRQHandler)
    DMA1_Channel6_IRQHandler                 0x08001a1d   Thumb Code     2  stm32f10x_it.o(i.DMA1_Channel6_IRQHandler)
    DMA1_Channel7_IRQHandler                 0x08001a1f   Thumb Code     2  stm32f10x_it.o(i.DMA1_Channel7_IRQHandler)
    DMAADCInit_Base                          0x08001a21   Thumb Code    74  voice.o(i.DMAADCInit_Base)
    DMA_ClearFlag                            0x08001a79   Thumb Code    18  stm32f10x_dma.o(i.DMA_ClearFlag)
    DMA_ClearITPendingBit                    0x08001a95   Thumb Code    18  stm32f10x_dma.o(i.DMA_ClearITPendingBit)
    DMA_Cmd                                  0x08001ab1   Thumb Code    24  stm32f10x_dma.o(i.DMA_Cmd)
    DMA_DeInit                               0x08001ac9   Thumb Code   324  stm32f10x_dma.o(i.DMA_DeInit)
    DMA_GetFlagStatus                        0x08001c15   Thumb Code    34  stm32f10x_dma.o(i.DMA_GetFlagStatus)
    DMA_GetITStatus                          0x08001c41   Thumb Code    34  stm32f10x_dma.o(i.DMA_GetITStatus)
    DMA_ITConfig                             0x08001c6d   Thumb Code    18  stm32f10x_dma.o(i.DMA_ITConfig)
    DMA_Init                                 0x08001c7f   Thumb Code    60  stm32f10x_dma.o(i.DMA_Init)
    DMA_SetCurrDataCounter                   0x08001cbb   Thumb Code     4  stm32f10x_dma.o(i.DMA_SetCurrDataCounter)
    DealPlayInstrction                       0x08001cc1   Thumb Code   228  playlogic.o(i.DealPlayInstrction)
    DebugMon_Handler                         0x08001db9   Thumb Code     2  stm32f10x_it.o(i.DebugMon_Handler)
    DelNode                                  0x08001dbd   Thumb Code   264  voice.o(i.DelNode)
    Del_AllNode                              0x08001ed9   Thumb Code    78  voice.o(i.Del_AllNode)
    EXTI0_IRQHandler                         0x08001f31   Thumb Code     2  stm32f10x_it.o(i.EXTI0_IRQHandler)
    EXTI15_10_IRQHandler                     0x08001f33   Thumb Code     2  stm32f10x_it.o(i.EXTI15_10_IRQHandler)
    EXTI1_IRQHandler                         0x08001f35   Thumb Code     2  stm32f10x_it.o(i.EXTI1_IRQHandler)
    EXTI2_IRQHandler                         0x08001f37   Thumb Code     2  stm32f10x_it.o(i.EXTI2_IRQHandler)
    EXTI3_IRQHandler                         0x08001f39   Thumb Code     2  stm32f10x_it.o(i.EXTI3_IRQHandler)
    EXTI4_IRQHandler                         0x08001f3b   Thumb Code     2  stm32f10x_it.o(i.EXTI4_IRQHandler)
    EXTI9_5_IRQHandler                       0x08001f3d   Thumb Code    32  stm32f10x_it.o(i.EXTI9_5_IRQHandler)
    FLASH_IRQHandler                         0x08001f61   Thumb Code     2  stm32f10x_it.o(i.FLASH_IRQHandler)
    FLASH_PrefetchBufferCmd                  0x08001f65   Thumb Code    22  stm32f10x_flash.o(i.FLASH_PrefetchBufferCmd)
    FLASH_SetLatency                         0x08001f81   Thumb Code    18  stm32f10x_flash.o(i.FLASH_SetLatency)
    Fand_file                                0x08001f99   Thumb Code   214  playsound.o(i.Fand_file)
    GPIOConfiguration                        0x08002215   Thumb Code    42  target.o(i.GPIOConfiguration)
    GPIO_Init                                0x08002295   Thumb Code   274  stm32f10x_gpio.o(i.GPIO_Init)
    GPIO_ReadInputDataBit                    0x080023a7   Thumb Code    18  stm32f10x_gpio.o(i.GPIO_ReadInputDataBit)
    GPIO_ResetBits                           0x080023b9   Thumb Code     4  stm32f10x_gpio.o(i.GPIO_ResetBits)
    GPIO_SetBits                             0x080023bd   Thumb Code     4  stm32f10x_gpio.o(i.GPIO_SetBits)
    HardFault_Handler                        0x080023c1   Thumb Code     4  stm32f10x_it.o(i.HardFault_Handler)
    I2C1_ER_IRQHandler                       0x080023c5   Thumb Code     2  stm32f10x_it.o(i.I2C1_ER_IRQHandler)
    I2C1_EV_IRQHandler                       0x080023c7   Thumb Code     2  stm32f10x_it.o(i.I2C1_EV_IRQHandler)
    I2C2_ER_IRQHandler                       0x080023c9   Thumb Code     2  stm32f10x_it.o(i.I2C2_ER_IRQHandler)
    I2C2_EV_IRQHandler                       0x080023cb   Thumb Code     2  stm32f10x_it.o(i.I2C2_EV_IRQHandler)
    I2S2_DMA_Init                            0x080023cd   Thumb Code   152  i2s.o(i.I2S2_DMA_Init)
    I2S_CODEC_Init                           0x0800246d   Thumb Code    28  bsp_wm8978.o(i.I2S_CODEC_Init)
    I2S_Cmd                                  0x0800248d   Thumb Code    24  stm32f10x_spi.o(i.I2S_Cmd)
    I2S_Init                                 0x080024e5   Thumb Code   226  stm32f10x_spi.o(i.I2S_Init)
    I2S_Play_Start                           0x08002671   Thumb Code    50  i2s.o(i.I2S_Play_Start)
    I2S_Play_Stop                            0x080026ad   Thumb Code    20  i2s.o(i.I2S_Play_Stop)
    I2S_StartPlay                            0x080026c9   Thumb Code    34  bsp_wm8978.o(i.I2S_StartPlay)
    I2S_Stop                                 0x080026f1   Thumb Code    40  bsp_wm8978.o(i.I2S_Stop)
    Init_FreeList                            0x0800271d   Thumb Code    82  voice.o(i.Init_FreeList)
    Init_PlayStatus                          0x08002789   Thumb Code    14  voice.o(i.Init_PlayStatus)
    MemManage_Handler                        0x0800279d   Thumb Code     4  stm32f10x_it.o(i.MemManage_Handler)
    NMI_Handler                              0x080027a1   Thumb Code     2  stm32f10x_it.o(i.NMI_Handler)
    NVICConfiguration                        0x080027a3   Thumb Code    14  target.o(i.NVICConfiguration)
    NVIC_Init                                0x080027b1   Thumb Code   102  misc.o(i.NVIC_Init)
    NVIC_PriorityGroupConfig                 0x08002825   Thumb Code    10  misc.o(i.NVIC_PriorityGroupConfig)
    NVIC_SetVectorTable                      0x08002839   Thumb Code    12  misc.o(i.NVIC_SetVectorTable)
    OSCreateEvent                            0x0800284d   Thumb Code    16  main.o(i.OSCreateEvent)
    OSDebugInit                              0x08002865   Thumb Code    94  os_dbg.o(i.OSDebugInit)
    OSInit                                   0x08002979   Thumb Code    44  os_core.o(i.OSInit)
    OSInitHookBegin                          0x080029a5   Thumb Code     2  os_cpu_c.o(i.OSInitHookBegin)
    OSInitHookEnd                            0x080029a7   Thumb Code     2  os_cpu_c.o(i.OSInitHookEnd)
    OSIntEnter                               0x080029a9   Thumb Code    28  os_core.o(i.OSIntEnter)
    OSIntExit                                0x080029cd   Thumb Code   112  os_core.o(i.OSIntExit)
    OSQAccept                                0x08002a5d   Thumb Code   106  os_q.o(i.OSQAccept)
    OSQCreate                                0x08002ac9   Thumb Code   150  os_q.o(i.OSQCreate)
    OSQPost                                  0x08002b6d   Thumb Code   120  os_q.o(i.OSQPost)
    OSStart                                  0x08002be5   Thumb Code    48  os_core.o(i.OSStart)
    OSTCBInitHook                            0x08002c2d   Thumb Code     2  os_cpu_c.o(i.OSTCBInitHook)
    OSTaskCreate                             0x08002c31   Thumb Code   158  os_task.o(i.OSTaskCreate)
    OSTaskCreateExt                          0x08002cdd   Thumb Code   180  os_task.o(i.OSTaskCreateExt)
    OSTaskCreateHook                         0x08002d9d   Thumb Code     2  os_cpu_c.o(i.OSTaskCreateHook)
    OSTaskDel                                0x08002da1   Thumb Code   304  os_task.o(i.OSTaskDel)
    OSTaskDelHook                            0x08002ef9   Thumb Code     2  os_cpu_c.o(i.OSTaskDelHook)
    OSTaskIdleHook                           0x08002efb   Thumb Code     2  os_cpu_c.o(i.OSTaskIdleHook)
    OSTaskNameSet                            0x08002efd   Thumb Code   160  os_task.o(i.OSTaskNameSet)
    OSTaskStatHook                           0x08002fa9   Thumb Code     2  os_cpu_c.o(i.OSTaskStatHook)
    OSTaskStkChk                             0x08002fad   Thumb Code   150  os_task.o(i.OSTaskStkChk)
    OSTaskStkInit                            0x0800304d   Thumb Code   154  os_cpu_c.o(i.OSTaskStkInit)
    OSTaskSuspend                            0x080030e9   Thumb Code   172  os_task.o(i.OSTaskSuspend)
    OSTaskSwHook                             0x080031a5   Thumb Code     2  os_cpu_c.o(i.OSTaskSwHook)
    OSTimeDly                                0x080031a9   Thumb Code    96  os_time.o(i.OSTimeDly)
    OSTimeTick                               0x08003219   Thumb Code   194  os_core.o(i.OSTimeTick)
    OS_Dummy                                 0x080032f1   Thumb Code     2  os_core.o(i.OS_Dummy)
    OS_EventTaskRdy                          0x080032f5   Thumb Code   118  os_core.o(i.OS_EventTaskRdy)
    OS_EventTaskRemove                       0x0800337d   Thumb Code    42  os_core.o(i.OS_EventTaskRemove)
    OS_EventWaitListInit                     0x080033a7   Thumb Code    28  os_core.o(i.OS_EventWaitListInit)
    OS_MemClr                                0x080035b1   Thumb Code    18  os_core.o(i.OS_MemClr)
    OS_QInit                                 0x080035c5   Thumb Code    46  os_q.o(i.OS_QInit)
    OS_Sched                                 0x080035fd   Thumb Code    86  os_core.o(i.OS_Sched)
    OS_StrCopy                               0x0800369d   Thumb Code    28  os_core.o(i.OS_StrCopy)
    OS_StrLen                                0x080036b9   Thumb Code    20  os_core.o(i.OS_StrLen)
    OS_TCBInit                               0x080036cd   Thumb Code   274  os_core.o(i.OS_TCBInit)
    OS_TaskIdle                              0x080037f9   Thumb Code    32  os_core.o(i.OS_TaskIdle)
    OS_TaskStat                              0x0800381d   Thumb Code   114  os_core.o(i.OS_TaskStat)
    OS_TaskStatStkChk                        0x080038a5   Thumb Code    54  os_core.o(i.OS_TaskStatStkChk)
    OS_TaskStkClr                            0x080038e1   Thumb Code    26  os_task.o(i.OS_TaskStkClr)
    PVD_IRQHandler                           0x080038fb   Thumb Code     2  stm32f10x_it.o(i.PVD_IRQHandler)
    PlayCondition                            0x080038fd   Thumb Code    94  playlogic.o(i.PlayCondition)
    PlayMusic                                0x08003971   Thumb Code    68  playsound.o(i.PlayMusic)
    PushNode                                 0x080039c5   Thumb Code    72  voice.o(i.PushNode)
    RCCConfiguration                         0x08003a15   Thumb Code   108  target.o(i.RCCConfiguration)
    RCC_ADCCLKConfig                         0x08003a81   Thumb Code    18  stm32f10x_rcc.o(i.RCC_ADCCLKConfig)
    RCC_AHBPeriphClockCmd                    0x08003a99   Thumb Code    26  stm32f10x_rcc.o(i.RCC_AHBPeriphClockCmd)
    RCC_APB1PeriphClockCmd                   0x08003ab9   Thumb Code    26  stm32f10x_rcc.o(i.RCC_APB1PeriphClockCmd)
    RCC_APB1PeriphResetCmd                   0x08003ad9   Thumb Code    26  stm32f10x_rcc.o(i.RCC_APB1PeriphResetCmd)
    RCC_APB2PeriphClockCmd                   0x08003af9   Thumb Code    26  stm32f10x_rcc.o(i.RCC_APB2PeriphClockCmd)
    RCC_APB2PeriphResetCmd                   0x08003b19   Thumb Code    26  stm32f10x_rcc.o(i.RCC_APB2PeriphResetCmd)
    RCC_DeInit                               0x08003b39   Thumb Code    64  stm32f10x_rcc.o(i.RCC_DeInit)
    RCC_GetClocksFreq                        0x08003b85   Thumb Code   192  stm32f10x_rcc.o(i.RCC_GetClocksFreq)
    RCC_GetFlagStatus                        0x08003c5d   Thumb Code    56  stm32f10x_rcc.o(i.RCC_GetFlagStatus)
    RCC_GetSYSCLKSource                      0x08003c99   Thumb Code    10  stm32f10x_rcc.o(i.RCC_GetSYSCLKSource)
    RCC_HCLKConfig                           0x08003ca9   Thumb Code    18  stm32f10x_rcc.o(i.RCC_HCLKConfig)
    RCC_HSEConfig                            0x08003cc1   Thumb Code    70  stm32f10x_rcc.o(i.RCC_HSEConfig)
    RCC_IRQHandler                           0x08003d0d   Thumb Code     2  stm32f10x_it.o(i.RCC_IRQHandler)
    RCC_PCLK1Config                          0x08003d11   Thumb Code    18  stm32f10x_rcc.o(i.RCC_PCLK1Config)
    RCC_PCLK2Config                          0x08003d29   Thumb Code    20  stm32f10x_rcc.o(i.RCC_PCLK2Config)
    RCC_PLLCmd                               0x08003d41   Thumb Code     6  stm32f10x_rcc.o(i.RCC_PLLCmd)
    RCC_PLLConfig                            0x08003d4d   Thumb Code    24  stm32f10x_rcc.o(i.RCC_PLLConfig)
    RCC_SYSCLKConfig                         0x08003d69   Thumb Code    18  stm32f10x_rcc.o(i.RCC_SYSCLKConfig)
    RCC_WaitForHSEStartUp                    0x08003d81   Thumb Code    56  stm32f10x_rcc.o(i.RCC_WaitForHSEStartUp)
    RTCAlarm_IRQHandler                      0x08003db9   Thumb Code     2  stm32f10x_it.o(i.RTCAlarm_IRQHandler)
    RTC_IRQHandler                           0x08003dbd   Thumb Code    22  stm32f10x_it.o(i.RTC_IRQHandler)
    SDIO_ClearFlag                           0x08003f05   Thumb Code     6  stm32f10x_sdio.o(i.SDIO_ClearFlag)
    SDIO_ClearITPendingBit                   0x08003f11   Thumb Code     6  stm32f10x_sdio.o(i.SDIO_ClearITPendingBit)
    SDIO_ClockCmd                            0x08003f1d   Thumb Code     6  stm32f10x_sdio.o(i.SDIO_ClockCmd)
    SDIO_DMACmd                              0x08003f29   Thumb Code     6  stm32f10x_sdio.o(i.SDIO_DMACmd)
    SDIO_DataConfig                          0x08003f35   Thumb Code    42  stm32f10x_sdio.o(i.SDIO_DataConfig)
    SDIO_DeInit                              0x08003f65   Thumb Code    28  stm32f10x_sdio.o(i.SDIO_DeInit)
    SDIO_GetCommandResponse                  0x08003f89   Thumb Code     8  stm32f10x_sdio.o(i.SDIO_GetCommandResponse)
    SDIO_GetFlagStatus                       0x08003f95   Thumb Code    20  stm32f10x_sdio.o(i.SDIO_GetFlagStatus)
    SDIO_GetPowerState                       0x08003fad   Thumb Code    10  stm32f10x_sdio.o(i.SDIO_GetPowerState)
    SDIO_GetResponse                         0x08003fbd   Thumb Code    20  stm32f10x_sdio.o(i.SDIO_GetResponse)
    SDIO_IRQHandler                          0x08003fd5   Thumb Code    16  stm32f10x_it.o(i.SDIO_IRQHandler)
    SDIO_ITConfig                            0x08003fe5   Thumb Code    26  stm32f10x_sdio.o(i.SDIO_ITConfig)
    SDIO_Init                                0x08004005   Thumb Code    42  stm32f10x_sdio.o(i.SDIO_Init)
    SDIO_ReadData                            0x08004035   Thumb Code     6  stm32f10x_sdio.o(i.SDIO_ReadData)
    SDIO_SendCommand                         0x08004041   Thumb Code    38  stm32f10x_sdio.o(i.SDIO_SendCommand)
    SDIO_SetPowerState                       0x0800406d   Thumb Code    22  stm32f10x_sdio.o(i.SDIO_SetPowerState)
    SD_EnableWideBusOperation                0x08004161   Thumb Code   140  sdio_sdcard.o(i.SD_EnableWideBusOperation)
    SD_GetCardInfo                           0x080041f5   Thumb Code   742  sdio_sdcard.o(i.SD_GetCardInfo)
    SD_GetState                              0x080044ed   Thumb Code    26  sdio_sdcard.o(i.SD_GetState)
    SD_GetStatus                             0x08004507   Thumb Code    30  sdio_sdcard.o(i.SD_GetStatus)
    SD_Init                                  0x08004525   Thumb Code   102  sdio_sdcard.o(i.SD_Init)
    SD_InitializeCards                       0x08004595   Thumb Code   294  sdio_sdcard.o(i.SD_InitializeCards)
    SD_NVIC_Configuration                    0x080046d1   Thumb Code    42  sdio_sdcard.o(i.SD_NVIC_Configuration)
    SD_PowerON                               0x080046fd   Thumb Code   374  sdio_sdcard.o(i.SD_PowerON)
    SD_ProcessIRQSrc                         0x08004885   Thumb Code    70  sdio_sdcard.o(i.SD_ProcessIRQSrc)
    SD_ReadBlock                             0x080048dd   Thumb Code   194  sdio_sdcard.o(i.SD_ReadBlock)
    SD_ReadMultiBlocks                       0x080049bd   Thumb Code   202  sdio_sdcard.o(i.SD_ReadMultiBlocks)
    SD_SelectDeselect                        0x08004aa5   Thumb Code    48  sdio_sdcard.o(i.SD_SelectDeselect)
    SD_SendStatus                            0x08004ad9   Thumb Code    46  sdio_sdcard.o(i.SD_SendStatus)
    SD_WaitReadOperation                     0x08004b11   Thumb Code    56  sdio_sdcard.o(i.SD_WaitReadOperation)
    SD_WaitTransferOK                        0x08004b51   Thumb Code    36  sdio_sdcard.o(i.SD_WaitTransferOK)
    SD_WaitWriteOperation                    0x08004b75   Thumb Code    64  sdio_sdcard.o(i.SD_WaitWriteOperation)
    SD_WriteBlock                            0x08004bbd   Thumb Code   190  sdio_sdcard.o(i.SD_WriteBlock)
    SD_WriteMultiBlocks                      0x08004c99   Thumb Code   294  sdio_sdcard.o(i.SD_WriteMultiBlocks)
    SPI1_IRQHandler                          0x08004de1   Thumb Code     2  stm32f10x_it.o(i.SPI1_IRQHandler)
    SPI2_IRQHandler                          0x08004de3   Thumb Code     2  stm32f10x_it.o(i.SPI2_IRQHandler)
    SPI_I2S_DMACmd                           0x08004de5   Thumb Code    18  stm32f10x_spi.o(i.SPI_I2S_DMACmd)
    SPI_I2S_DeInit                           0x08004df9   Thumb Code    76  stm32f10x_spi.o(i.SPI_I2S_DeInit)
    SPI_I2S_ITConfig                         0x08004e51   Thumb Code    32  stm32f10x_spi.o(i.SPI_I2S_ITConfig)
    SVC_Handler                              0x08004e71   Thumb Code     2  stm32f10x_it.o(i.SVC_Handler)
    StartPlay_Init                           0x08004e75   Thumb Code    52  wavplay.o(i.StartPlay_Init)
    SysTickConfiguartion                     0x08004eb5   Thumb Code    80  target.o(i.SysTickConfiguartion)
    SysTick_Handler                          0x08004f11   Thumb Code    40  stm32f10x_it.o(i.SysTick_Handler)
    TAMPER_IRQHandler                        0x08004f3d   Thumb Code     2  stm32f10x_it.o(i.TAMPER_IRQHandler)
    TIM1_BRK_IRQHandler                      0x08004f3f   Thumb Code     2  stm32f10x_it.o(i.TIM1_BRK_IRQHandler)
    TIM1_CC_IRQHandler                       0x08004f41   Thumb Code     2  stm32f10x_it.o(i.TIM1_CC_IRQHandler)
    TIM1_TRG_COM_IRQHandler                  0x08004f43   Thumb Code     2  stm32f10x_it.o(i.TIM1_TRG_COM_IRQHandler)
    TIM1_UP_IRQHandler                       0x08004f45   Thumb Code     2  stm32f10x_it.o(i.TIM1_UP_IRQHandler)
    TIM2_IRQHandler                          0x08004f47   Thumb Code     2  stm32f10x_it.o(i.TIM2_IRQHandler)
    TIM3_IRQHandler                          0x08004f49   Thumb Code     2  stm32f10x_it.o(i.TIM3_IRQHandler)
    TIM4_IRQHandler                          0x08004f4b   Thumb Code     2  stm32f10x_it.o(i.TIM4_IRQHandler)
    TargetInit                               0x08004f4d   Thumb Code    24  target.o(i.TargetInit)
    TaskCanSendMessage                       0x08004f65   Thumb Code   312  task5.o(i.TaskCanSendMessage)
    TaskPLAYSOUND                            0x080050a9   Thumb Code    58  playsound.o(i.TaskPLAYSOUND)
    TaskPlayLogic                            0x080050f1   Thumb Code   486  playlogic.o(i.TaskPlayLogic)
    TaskStart                                0x08005309   Thumb Code   126  main.o(i.TaskStart)
    USART1_IRQHandler                        0x080053b1   Thumb Code    64  stm32f10x_it.o(i.USART1_IRQHandler)
    USART2_IRQHandler                        0x080053f5   Thumb Code     2  stm32f10x_it.o(i.USART2_IRQHandler)
    USART3_IRQHandler                        0x080053f7   Thumb Code     2  stm32f10x_it.o(i.USART3_IRQHandler)
    USART_ClearFlag                          0x080053f9   Thumb Code    18  stm32f10x_usart.o(i.USART_ClearFlag)
    USART_GetFlagStatus                      0x0800540b   Thumb Code    26  stm32f10x_usart.o(i.USART_GetFlagStatus)
    USART_GetITStatus                        0x08005425   Thumb Code    84  stm32f10x_usart.o(i.USART_GetITStatus)
    USART_ReceiveData                        0x08005479   Thumb Code    10  stm32f10x_usart.o(i.USART_ReceiveData)
    USART_SendData                           0x08005483   Thumb Code     8  stm32f10x_usart.o(i.USART_SendData)
    USBWakeUp_IRQHandler                     0x0800548b   Thumb Code     2  stm32f10x_it.o(i.USBWakeUp_IRQHandler)
    USB_HP_CAN1_TX_IRQHandler                0x0800548d   Thumb Code     2  stm32f10x_it.o(i.USB_HP_CAN1_TX_IRQHandler)
    USB_LP_CAN1_RX0_IRQHandler               0x08005491   Thumb Code    36  stm32f10x_it.o(i.USB_LP_CAN1_RX0_IRQHandler)
    UsageFault_Handler                       0x080054b9   Thumb Code     4  stm32f10x_it.o(i.UsageFault_Handler)
    UserTick                                 0x080054bd   Thumb Code    46  target.o(i.UserTick)
    VM8978StartPlay                          0x080054f1   Thumb Code     8  playlogic.o(i.VM8978StartPlay)
    WWDG_IRQHandler                          0x080054fd   Thumb Code     2  stm32f10x_it.o(i.WWDG_IRQHandler)
    __0printf$2                              0x08005501   Thumb Code    22  printf2.o(i.__0printf$2)
    __1printf$2                              0x08005501   Thumb Code     0  printf2.o(i.__0printf$2)
    __2printf                                0x08005501   Thumb Code     0  printf2.o(i.__0printf$2)
    __scatterload_copy                       0x08005521   Thumb Code    14  handlers.o(i.__scatterload_copy)
    __scatterload_null                       0x0800552f   Thumb Code     2  handlers.o(i.__scatterload_null)
    __scatterload_zeroinit                   0x08005531   Thumb Code    14  handlers.o(i.__scatterload_zeroinit)
    audio_stop                               0x08005611   Thumb Code    14  wavplay.o(i.audio_stop)
    clust2sect                               0x08005a61   Thumb Code    26  ff.o(i.clust2sect)
    disk_initialize                          0x0800631d   Thumb Code    24  diskio.o(i.disk_initialize)
    disk_ioctl                               0x08006335   Thumb Code     6  diskio.o(i.disk_ioctl)
    disk_read                                0x0800633d   Thumb Code   130  diskio.o(i.disk_read)
    disk_status                              0x080063dd   Thumb Code     6  diskio.o(i.disk_status)
    disk_write                               0x080063e5   Thumb Code   130  diskio.o(i.disk_write)
    f_close                                  0x08006485   Thumb Code    22  ff.o(i.f_close)
    f_lseek                                  0x0800649b   Thumb Code   430  ff.o(i.f_lseek)
    f_mount                                  0x08006649   Thumb Code    38  ff.o(i.f_mount)
    f_open                                   0x08006675   Thumb Code   348  ff.o(i.f_open)
    f_opendir                                0x080067d1   Thumb Code   120  ff.o(i.f_opendir)
    f_read                                   0x08006849   Thumb Code   458  ff.o(i.f_read)
    f_readdir                                0x08006a13   Thumb Code    98  ff.o(i.f_readdir)
    f_sync                                   0x08006a75   Thumb Code   164  ff.o(i.f_sync)
    ff_convert                               0x08006b19   Thumb Code   116  cc936.o(i.ff_convert)
    ff_wtoupper                              0x08006b95   Thumb Code    46  cc936.o(i.ff_wtoupper)
    fputc                                    0x08006ce1   Thumb Code    44  printf.o(i.fputc)
    gen_numname                              0x08006d11   Thumb Code   190  ff.o(i.gen_numname)
    get_fat                                  0x08006dcf   Thumb Code   228  ff.o(i.get_fat)
    i2c_CheckDevice                          0x08007021   Thumb Code    32  test_wm8978.o(i.i2c_CheckDevice)
    i2c_SendByte                             0x08007051   Thumb Code    86  test_wm8978.o(i.i2c_SendByte)
    i2c_Start                                0x080070ad   Thumb Code    48  test_wm8978.o(i.i2c_Start)
    i2c_Stop                                 0x080070e1   Thumb Code    32  test_wm8978.o(i.i2c_Stop)
    i2c_WaitAck                              0x08007105   Thumb Code    58  test_wm8978.o(i.i2c_WaitAck)
    main                                     0x08007165   Thumb Code    38  main.o(i.main)
    my_mem_free                              0x0800725d   Thumb Code    96  malloc.o(i.my_mem_free)
    my_mem_init                              0x080072c9   Thumb Code    54  malloc.o(i.my_mem_init)
    my_mem_malloc                            0x0800730d   Thumb Code   156  malloc.o(i.my_mem_malloc)
    my_mem_perused                           0x080073b5   Thumb Code    54  malloc.o(i.my_mem_perused)
    myfree                                   0x080073f5   Thumb Code    30  malloc.o(i.myfree)
    mymalloc                                 0x08007419   Thumb Code    32  malloc.o(i.mymalloc)
    mymemset                                 0x0800743d   Thumb Code    20  malloc.o(i.mymemset)
    put_fat                                  0x080074c5   Thumb Code   316  ff.o(i.put_fat)
    reset_dma_buf                            0x08007669   Thumb Code     6  i2s.o(i.reset_dma_buf)
    wav_decode_init                          0x0800779d   Thumb Code   244  wavplay.o(i.wav_decode_init)
    wav_i2s_dma_tx_callback                  0x080078a1   Thumb Code     8  wavplay.o(i.wav_i2s_dma_tx_callback)
    wav_play_song                            0x080078ad   Thumb Code   376  wavplay.o(i.wav_play_song)
    wav_play_stop                            0x08007a3d   Thumb Code    10  wavplay.o(i.wav_play_stop)
    wm8978_CfgAudioIF                        0x08007a47   Thumb Code   102  bsp_wm8978.o(i.wm8978_CfgAudioIF)
    wm8978_ChangeVolume                      0x08007b91   Thumb Code    66  bsp_wm8978.o(i.wm8978_ChangeVolume)
    wm8978_Dac2Spk                           0x08007be9   Thumb Code    20  bsp_wm8978.o(i.wm8978_Dac2Spk)
    wm8978_Init                              0x08007bfd   Thumb Code    30  bsp_wm8978.o(i.wm8978_Init)
    memtblsize                               0x08007d08   Data          12  malloc.o(.constdata)
    memblksize                               0x08007d14   Data          12  malloc.o(.constdata)
    memsize                                  0x08007d20   Data          12  malloc.o(.constdata)
    OSUnMapTbl                               0x08007da0   Data         256  os_core.o(.constdata)
    OSDebugEn                                0x08007ea0   Data           2  os_dbg.o(.constdata)
    OSEndiannessTest                         0x08007ea4   Data           4  os_dbg.o(.constdata)
    OSEventMax                               0x08007ea8   Data           2  os_dbg.o(.constdata)
    OSEventNameSize                          0x08007eaa   Data           2  os_dbg.o(.constdata)
    OSEventEn                                0x08007eac   Data           2  os_dbg.o(.constdata)
    OSEventSize                              0x08007eae   Data           2  os_dbg.o(.constdata)
    OSEventTblSize                           0x08007eb0   Data           2  os_dbg.o(.constdata)
    OSFlagEn                                 0x08007eb2   Data           2  os_dbg.o(.constdata)
    OSFlagGrpSize                            0x08007eb4   Data           2  os_dbg.o(.constdata)
    OSFlagNodeSize                           0x08007eb6   Data           2  os_dbg.o(.constdata)
    OSFlagWidth                              0x08007eb8   Data           2  os_dbg.o(.constdata)
    OSFlagMax                                0x08007eba   Data           2  os_dbg.o(.constdata)
    OSFlagNameSize                           0x08007ebc   Data           2  os_dbg.o(.constdata)
    OSLowestPrio                             0x08007ebe   Data           2  os_dbg.o(.constdata)
    OSMboxEn                                 0x08007ec0   Data           2  os_dbg.o(.constdata)
    OSMemEn                                  0x08007ec2   Data           2  os_dbg.o(.constdata)
    OSMemMax                                 0x08007ec4   Data           2  os_dbg.o(.constdata)
    OSMemNameSize                            0x08007ec6   Data           2  os_dbg.o(.constdata)
    OSMemSize                                0x08007ec8   Data           2  os_dbg.o(.constdata)
    OSMemTblSize                             0x08007eca   Data           2  os_dbg.o(.constdata)
    OSMutexEn                                0x08007ecc   Data           2  os_dbg.o(.constdata)
    OSPtrSize                                0x08007ece   Data           2  os_dbg.o(.constdata)
    OSQEn                                    0x08007ed0   Data           2  os_dbg.o(.constdata)
    OSQMax                                   0x08007ed2   Data           2  os_dbg.o(.constdata)
    OSQSize                                  0x08007ed4   Data           2  os_dbg.o(.constdata)
    OSRdyTblSize                             0x08007ed6   Data           2  os_dbg.o(.constdata)
    OSSemEn                                  0x08007ed8   Data           2  os_dbg.o(.constdata)
    OSStkWidth                               0x08007eda   Data           2  os_dbg.o(.constdata)
    OSTaskCreateEn                           0x08007edc   Data           2  os_dbg.o(.constdata)
    OSTaskCreateExtEn                        0x08007ede   Data           2  os_dbg.o(.constdata)
    OSTaskDelEn                              0x08007ee0   Data           2  os_dbg.o(.constdata)
    OSTaskIdleStkSize                        0x08007ee2   Data           2  os_dbg.o(.constdata)
    OSTaskProfileEn                          0x08007ee4   Data           2  os_dbg.o(.constdata)
    OSTaskMax                                0x08007ee6   Data           2  os_dbg.o(.constdata)
    OSTaskNameSize                           0x08007ee8   Data           2  os_dbg.o(.constdata)
    OSTaskStatEn                             0x08007eea   Data           2  os_dbg.o(.constdata)
    OSTaskStatStkSize                        0x08007eec   Data           2  os_dbg.o(.constdata)
    OSTaskStatStkChkEn                       0x08007eee   Data           2  os_dbg.o(.constdata)
    OSTaskSwHookEn                           0x08007ef0   Data           2  os_dbg.o(.constdata)
    OSTCBPrioTblMax                          0x08007ef2   Data           2  os_dbg.o(.constdata)
    OSTCBSize                                0x08007ef4   Data           2  os_dbg.o(.constdata)
    OSTicksPerSec                            0x08007ef6   Data           2  os_dbg.o(.constdata)
    OSTimeTickHookEn                         0x08007ef8   Data           2  os_dbg.o(.constdata)
    OSVersionNbr                             0x08007efa   Data           2  os_dbg.o(.constdata)
    OSDataSize                               0x08007efc   Data           2  os_dbg.o(.constdata)
    Region$$Table$$Base                      0x08032bdc   Number         0  anon$$obj.o(Region$$Table)
    Region$$Table$$Limit                     0x08032bfc   Number         0  anon$$obj.o(Region$$Table)
    mem3base                                 0x10000000   Data        1024  malloc.o(.ARM.__AT_0x10000000)
    mem3mapbase                              0x10000400   Data         128  malloc.o(.ARM.__AT_0x10000400)
    Desiremusicnum                           0x20000000   Data           1  playsound.o(.data)
    brw                                      0x20000004   Data           4  playsound.o(.data)
    bww                                      0x20000008   Data           4  playsound.o(.data)
    fatbufw                                  0x2000000c   Data           4  playsound.o(.data)
    resw                                     0x20000010   Data           1  playsound.o(.data)
    musicnum                                 0x20000011   Data           1  playsound.o(.data)
    i2s_tx_callback                          0x20000014   Data           4  i2s.o(.data)
    mallco_dev                               0x20000018   Data          36  malloc.o(.data)
    wavtransferend                           0x2000003c   Data           1  wavplay.o(.data)
    wavwitchbuf                              0x2000003d   Data           1  wavplay.o(.data)
    NoSameDate                               0x200000b8   Data           1  can.o(.data)
    CANRxBufFilled1                          0x200000b9   Data           1  can.o(.data)
    CANRxBufFilled2                          0x200000ba   Data           1  can.o(.data)
    FiniteNodeSame                           0x200000bb   Data           1  can.o(.data)
    Bisuocomplete                            0x200000bc   Data           1  can.o(.data)
    NotPushBs                                0x200000bd   Data           1  can.o(.data)
    RESETID                                  0x200000c0   Data           4  can.o(.data)
    SENDSUC                                  0x200000cc   Data           2  can.o(.data)
    FiniteListHead                           0x200000d0   Data           4  voice.o(.data)
    FiniteListTail                           0x200000d4   Data           4  voice.o(.data)
    FiniteListCurPlay                        0x200000d8   Data           4  voice.o(.data)
    InFiniteListHead                         0x200000dc   Data           4  voice.o(.data)
    InFiniteListTail                         0x200000e0   Data           4  voice.o(.data)
    InFiniteListCurPlay                      0x200000e4   Data           4  voice.o(.data)
    InFiniteListNullTail                     0x200000e8   Data           4  voice.o(.data)
    FiniteListNodeNum                        0x200000ec   Data           1  voice.o(.data)
    InFiniteListNodeNum                      0x200000ed   Data           1  voice.o(.data)
    SoftTimer                                0x200000ee   Data           4  voice.o(.data)
    VolumeCtr                                0x200000f2   Data           4  voice.o(.data)
    MsgQueue                                 0x200000f8   Data           4  voice.o(.data)
    OSCtxSwCtr                               0x20000100   Data           4  os_core.o(.data)
    OSEventFreeList                          0x20000104   Data           4  os_core.o(.data)
    OSCPUUsage                               0x20000108   Data           1  os_core.o(.data)
    OSIdleCtrMax                             0x2000010c   Data           4  os_core.o(.data)
    OSIdleCtrRun                             0x20000110   Data           4  os_core.o(.data)
    OSStatRdy                                0x20000114   Data           1  os_core.o(.data)
    OSIntNesting                             0x20000115   Data           1  os_core.o(.data)
    OSLockNesting                            0x20000116   Data           1  os_core.o(.data)
    OSPrioCur                                0x20000117   Data           1  os_core.o(.data)
    OSPrioHighRdy                            0x20000118   Data           1  os_core.o(.data)
    OSRdyGrp                                 0x20000119   Data           1  os_core.o(.data)
    OSRdyTbl                                 0x2000011a   Data           4  os_core.o(.data)
    OSRunning                                0x2000011e   Data           1  os_core.o(.data)
    OSTaskCtr                                0x2000011f   Data           1  os_core.o(.data)
    OSIdleCtr                                0x20000120   Data           4  os_core.o(.data)
    OSTCBCur                                 0x20000124   Data           4  os_core.o(.data)
    OSTCBFreeList                            0x20000128   Data           4  os_core.o(.data)
    OSTCBHighRdy                             0x2000012c   Data           4  os_core.o(.data)
    OSTCBList                                0x20000130   Data           4  os_core.o(.data)
    OSTickStepState                          0x20000134   Data           1  os_core.o(.data)
    OSQFreeList                              0x20000138   Data           4  os_core.o(.data)
    SystemCoreClock                          0x20000150   Data           4  system_stm32f10x.o(.data)
    AHBPrescTable                            0x20000154   Data          16  system_stm32f10x.o(.data)
    StopCondition                            0x20000174   Data           4  sdio_sdcard.o(.data)
    TransferError                            0x20000178   Data           1  sdio_sdcard.o(.data)
    TransferEnd                              0x2000017c   Data           4  sdio_sdcard.o(.data)
    __stdout                                 0x20000180   Data           4  stdout.o(.data)
    fsw                                      0x20002284   Data        1120  playsound.o(.bss)
    filew                                    0x200026e4   Data         548  playsound.o(.bss)
    ftempw                                   0x20002908   Data         548  playsound.o(.bss)
    fileinfow                                0x20002b2c   Data          32  playsound.o(.bss)
    dirw                                     0x20002b4c   Data          36  playsound.o(.bss)
    mem1base                                 0x20002b80   Data       10240  malloc.o(.bss)
    mem1mapbase                              0x20005380   Data        1280  malloc.o(.bss)
    wavctrl                                  0x20005880   Data          32  wavplay.o(.bss)
    audiodev                                 0x200078a0   Data          17  wavplay.o(.bss)
    CANRxBuf                                 0x200078b4   Data        1204  can.o(.bss)
    CANTxBuf                                 0x20007d68   Data        1204  can.o(.bss)
    CANRTxBuf                                0x2000821c   Data        1204  can.o(.bss)
    Playlistinfo                             0x200086d0   Data          64  can.o(.bss)
    ADCConvertedValue                        0x20008710   Data         160  voice.o(.bss)
    PlayIBC                                  0x200087b0   Data        1200  voice.o(.bss)
    FiniteList                               0x20008c60   Data          20  voice.o(.bss)
    FiniteListBuf                            0x20008c74   Data          20  voice.o(.bss)
    VM8978Status                             0x20008c88   Data          10  voice.o(.bss)
    MsgQueueTbl                              0x20008c94   Data         400  voice.o(.bss)
    OSEventTbl                               0x20008e24   Data         320  os_core.o(.bss)
    OSTaskStatStk                            0x20008f64   Data         512  os_core.o(.bss)
    OSTaskIdleStk                            0x20009164   Data         512  os_core.o(.bss)
    OSTCBPrioTbl                             0x20009364   Data         128  os_core.o(.bss)
    OSTCBTbl                                 0x200093e4   Data        2112  os_core.o(.bss)
    OSQTbl                                   0x20009c24   Data          96  os_core.o(.bss)
    SDCardInfo                               0x20009cb4   Data          80  sdio_sdcard.o(.bss)
    SDIO_InitStructure                       0x20009d04   Data          24  sdio_sdcard.o(.bss)
    SDIO_CmdInitStructure                    0x20009d1c   Data          20  sdio_sdcard.o(.bss)
    SDIO_DataInitStructure                   0x20009d30   Data          24  sdio_sdcard.o(.bss)
    __initial_sp                             0x2000a148   Data           0  startup_stm32f10x_hd.o(STACK)
    mem2base                                 0x68000000   Data        1024  malloc.o(.ARM.__AT_0x68000000)
    mem2mapbase                              0x68000400   Data         128  malloc.o(.ARM.__AT_0x68000400)



==============================================================================

Memory Map of the image

  Image Entry point : 0x08000131

  Load Region LR_IROM1 (Base: 0x08000000, Size: 0x00032d80, Max: 0x00040000, ABSOLUTE, COMPRESSED[0x00032c68])

    Execution Region ER_IROM1 (Base: 0x08000000, Size: 0x00032bfc, Max: 0x00040000, ABSOLUTE)

    Base Addr    Size         Type   Attr      Idx    E Section Name        Object

    0x08000000   0x00000130   Data   RO         5066    RESET               startup_stm32f10x_hd.o
    0x08000130   0x00000000   Code   RO         5763  * .ARM.Collect$$$$00000000  mc_w.l(entry.o)
    0x08000130   0x00000004   Code   RO         6047    .ARM.Collect$$$$00000001  mc_w.l(entry2.o)
    0x08000134   0x00000004   Code   RO         6050    .ARM.Collect$$$$00000004  mc_w.l(entry5.o)
    0x08000138   0x00000000   Code   RO         6052    .ARM.Collect$$$$00000008  mc_w.l(entry7b.o)
    0x08000138   0x00000000   Code   RO         6054    .ARM.Collect$$$$0000000A  mc_w.l(entry8b.o)
    0x08000138   0x00000008   Code   RO         6055    .ARM.Collect$$$$0000000B  mc_w.l(entry9a.o)
    0x08000140   0x00000000   Code   RO         6057    .ARM.Collect$$$$0000000D  mc_w.l(entry10a.o)
    0x08000140   0x00000000   Code   RO         6059    .ARM.Collect$$$$0000000F  mc_w.l(entry11a.o)
    0x08000140   0x00000004   Code   RO         6048    .ARM.Collect$$$$00002712  mc_w.l(entry2.o)
    0x08000144   0x000000a4   Code   RO         1932    .text               os_cpu_a.o
    0x080001e8   0x0000002c   Code   RO         5067    .text               startup_stm32f10x_hd.o
    0x08000214   0x00000024   Code   RO         5766    .text               mc_w.l(memcpya.o)
    0x08000238   0x00000024   Code   RO         5768    .text               mc_w.l(memseta.o)
    0x0800025c   0x00000018   Code   RO         5770    .text               mc_w.l(strcat.o)
    0x08000274   0x000000e4   Code   RO         6041    .text               mf_w.l(dmul.o)
    0x08000358   0x0000001a   Code   RO         6043    .text               mf_w.l(dfltui.o)
    0x08000372   0x00000032   Code   RO         6045    .text               mf_w.l(dfixui.o)
    0x080003a4   0x00000020   Code   RO         6066    .text               mc_w.l(llushr.o)
    0x080003c4   0x00000000   Code   RO         6068    .text               mc_w.l(iusefp.o)
    0x080003c4   0x000000be   Code   RO         6069    .text               mf_w.l(depilogue.o)
    0x08000482   0x00000002   PAD
    0x08000484   0x00000024   Code   RO         6079    .text               mc_w.l(init.o)
    0x080004a8   0x0000001e   Code   RO         6081    .text               mc_w.l(llshl.o)
    0x080004c6   0x0000005c   Code   RO         6093    .text               mc_w.l(__dczerorl2.o)
    0x08000522   0x00000002   PAD
    0x08000524   0x000000b0   Code   RO         1255    i.ADC1Init_Base     voice.o
    0x080005d4   0x00000002   Code   RO            1    i.ADC1_2_IRQHandler  stm32f10x_it.o
    0x080005d6   0x00000016   Code   RO         3351    i.ADC_Cmd           stm32f10x_adc.o
    0x080005ec   0x00000016   Code   RO         3352    i.ADC_DMACmd        stm32f10x_adc.o
    0x08000602   0x00000002   PAD
    0x08000604   0x0000005c   Code   RO         3353    i.ADC_DeInit        stm32f10x_adc.o
    0x08000660   0x00000014   Code   RO         3359    i.ADC_GetCalibrationStatus  stm32f10x_adc.o
    0x08000674   0x00000014   Code   RO         3365    i.ADC_GetResetCalibrationStatus  stm32f10x_adc.o
    0x08000688   0x00000050   Code   RO         3369    i.ADC_Init          stm32f10x_adc.o
    0x080006d8   0x000000b8   Code   RO         3373    i.ADC_RegularChannelConfig  stm32f10x_adc.o
    0x08000790   0x0000000a   Code   RO         3374    i.ADC_ResetCalibration  stm32f10x_adc.o
    0x0800079a   0x00000016   Code   RO         3376    i.ADC_SoftwareStartConvCmd  stm32f10x_adc.o
    0x080007b0   0x0000000a   Code   RO         3378    i.ADC_StartCalibration  stm32f10x_adc.o
    0x080007ba   0x00000002   PAD
    0x080007bc   0x00000068   Code   RO         1256    i.ADCfliter         voice.o
    0x08000824   0x00000004   Code   RO            2    i.BusFault_Handler  stm32f10x_it.o
    0x08000828   0x00000014   Code   RO         1127    i.CAN1Init          can.o
    0x0800083c   0x00000114   Code   RO         1128    i.CAN1_Filter_Config  can.o
    0x08000950   0x00000050   Code   RO         1129    i.CAN1_GPIO_Config  can.o
    0x080009a0   0x00000058   Code   RO         1130    i.CAN1_Mode_Config  can.o
    0x080009f8   0x00000040   Code   RO         1131    i.CAN1_NVIC_Config  can.o
    0x08000a38   0x00000002   Code   RO            3    i.CAN1_RX1_IRQHandler  stm32f10x_it.o
    0x08000a3a   0x00000002   Code   RO            4    i.CAN1_SCE_IRQHandler  stm32f10x_it.o
    0x08000a3c   0x00000038   Code   RO         3652    i.CAN_DeInit        stm32f10x_can.o
    0x08000a74   0x00000022   Code   RO         1132    i.CAN_FIFOCopyOne   can.o
    0x08000a96   0x00000084   Code   RO         1133    i.CAN_FIFODeleteOne  can.o
    0x08000b1a   0x0000000a   Code   RO         1134    i.CAN_FIFOFlush     can.o
    0x08000b24   0x00000038   Code   RO         1135    i.CAN_FIFOGetOne    can.o
    0x08000b5c   0x00000006   Code   RO         1136    i.CAN_FIFOPeek      can.o
    0x08000b62   0x00000038   Code   RO         1137    i.CAN_FIFOPutOne    can.o
    0x08000b9a   0x00000016   Code   RO         3653    i.CAN_FIFORelease   stm32f10x_can.o
    0x08000bb0   0x00000108   Code   RO         3654    i.CAN_FilterInit    stm32f10x_can.o
    0x08000cb8   0x00000078   Code   RO         3655    i.CAN_GetFlagStatus  stm32f10x_can.o
    0x08000d30   0x00000012   Code   RO         3660    i.CAN_ITConfig      stm32f10x_can.o
    0x08000d42   0x00000114   Code   RO         3661    i.CAN_Init          stm32f10x_can.o
    0x08000e56   0x0000001e   Code   RO         3662    i.CAN_MessagePending  stm32f10x_can.o
    0x08000e74   0x00000248   Code   RO         1138    i.CAN_PlaySoundAnalyse  can.o
    0x080010bc   0x000001d0   Code   RO         1139    i.CAN_RcvDataInt    can.o
    0x0800128c   0x000000f0   Code   RO         3664    i.CAN_Receive       stm32f10x_can.o
    0x0800137c   0x00000054   Code   RO         1140    i.CAN_RxDateAnalyse  can.o
    0x080013d0   0x00000074   Code   RO         1141    i.CAN_RxStopDateAnalyse  can.o
    0x08001444   0x000000e8   Code   RO         1142    i.CAN_SendData      can.o
    0x0800152c   0x00000020   Code   RO         3667    i.CAN_StructInit    stm32f10x_can.o
    0x0800154c   0x00000126   Code   RO         3669    i.CAN_Transmit      stm32f10x_can.o
    0x08001672   0x00000002   PAD
    0x08001674   0x0000009c   Code   RO         3670    i.CAN_TransmitStatus  stm32f10x_can.o
    0x08001710   0x000000a4   Code   RO         1143    i.CAN_TxFrame       can.o
    0x080017b4   0x0000002c   Code   RO         5531    i.CmdError          sdio_sdcard.o
    0x080017e0   0x00000034   Code   RO         5532    i.CmdResp1Error     sdio_sdcard.o
    0x08001814   0x00000054   Code   RO         5533    i.CmdResp2Error     sdio_sdcard.o
    0x08001868   0x00000044   Code   RO         5534    i.CmdResp3Error     sdio_sdcard.o
    0x080018ac   0x0000009c   Code   RO         5535    i.CmdResp6Error     sdio_sdcard.o
    0x08001948   0x0000004c   Code   RO         5536    i.CmdResp7Error     sdio_sdcard.o
    0x08001994   0x0000001e   Code   RO          891    i.ConfStartPlay     test_wm8978.o
    0x080019b2   0x00000002   PAD
    0x080019b4   0x00000020   Code   RO         1316    i.CopyFinInfor      playlogic.o
    0x080019d4   0x00000020   Code   RO         1317    i.CopyInfor         playlogic.o
    0x080019f4   0x00000002   Code   RO            5    i.DMA1_Channel1_IRQHandler  stm32f10x_it.o
    0x080019f6   0x00000002   Code   RO            6    i.DMA1_Channel2_IRQHandler  stm32f10x_it.o
    0x080019f8   0x00000002   Code   RO            7    i.DMA1_Channel3_IRQHandler  stm32f10x_it.o
    0x080019fa   0x00000002   Code   RO            8    i.DMA1_Channel4_IRQHandler  stm32f10x_it.o
    0x080019fc   0x00000020   Code   RO            9    i.DMA1_Channel5_IRQHandler  stm32f10x_it.o
    0x08001a1c   0x00000002   Code   RO           10    i.DMA1_Channel6_IRQHandler  stm32f10x_it.o
    0x08001a1e   0x00000002   Code   RO           11    i.DMA1_Channel7_IRQHandler  stm32f10x_it.o
    0x08001a20   0x00000058   Code   RO         1257    i.DMAADCInit_Base   voice.o
    0x08001a78   0x0000001c   Code   RO         3063    i.DMA_ClearFlag     stm32f10x_dma.o
    0x08001a94   0x0000001c   Code   RO         3064    i.DMA_ClearITPendingBit  stm32f10x_dma.o
    0x08001ab0   0x00000018   Code   RO         3065    i.DMA_Cmd           stm32f10x_dma.o
    0x08001ac8   0x0000014c   Code   RO         3066    i.DMA_DeInit        stm32f10x_dma.o
    0x08001c14   0x0000002c   Code   RO         3068    i.DMA_GetFlagStatus  stm32f10x_dma.o
    0x08001c40   0x0000002c   Code   RO         3069    i.DMA_GetITStatus   stm32f10x_dma.o
    0x08001c6c   0x00000012   Code   RO         3070    i.DMA_ITConfig      stm32f10x_dma.o
    0x08001c7e   0x0000003c   Code   RO         3071    i.DMA_Init          stm32f10x_dma.o
    0x08001cba   0x00000004   Code   RO         3072    i.DMA_SetCurrDataCounter  stm32f10x_dma.o
    0x08001cbe   0x00000002   PAD
    0x08001cc0   0x000000f8   Code   RO         1318    i.DealPlayInstrction  playlogic.o
    0x08001db8   0x00000002   Code   RO           12    i.DebugMon_Handler  stm32f10x_it.o
    0x08001dba   0x00000002   PAD
    0x08001dbc   0x0000011c   Code   RO         1258    i.DelNode           voice.o
    0x08001ed8   0x00000058   Code   RO         1259    i.Del_AllNode       voice.o
    0x08001f30   0x00000002   Code   RO           13    i.EXTI0_IRQHandler  stm32f10x_it.o
    0x08001f32   0x00000002   Code   RO           14    i.EXTI15_10_IRQHandler  stm32f10x_it.o
    0x08001f34   0x00000002   Code   RO           15    i.EXTI1_IRQHandler  stm32f10x_it.o
    0x08001f36   0x00000002   Code   RO           16    i.EXTI2_IRQHandler  stm32f10x_it.o
    0x08001f38   0x00000002   Code   RO           17    i.EXTI3_IRQHandler  stm32f10x_it.o
    0x08001f3a   0x00000002   Code   RO           18    i.EXTI4_IRQHandler  stm32f10x_it.o
    0x08001f3c   0x00000024   Code   RO           19    i.EXTI9_5_IRQHandler  stm32f10x_it.o
    0x08001f60   0x00000002   Code   RO           20    i.FLASH_IRQHandler  stm32f10x_it.o
    0x08001f62   0x00000002   PAD
    0x08001f64   0x0000001c   Code   RO         4063    i.FLASH_PrefetchBufferCmd  stm32f10x_flash.o
    0x08001f80   0x00000018   Code   RO         4068    i.FLASH_SetLatency  stm32f10x_flash.o
    0x08001f98   0x000000e4   Code   RO          592    i.Fand_file         playsound.o
    0x0800207c   0x00000198   Code   RO         5537    i.FindSCR           sdio_sdcard.o
    0x08002214   0x00000030   Code   RO          523    i.GPIOConfiguration  target.o
    0x08002244   0x00000050   Code   RO         5538    i.GPIO_Configuration  sdio_sdcard.o
    0x08002294   0x00000112   Code   RO         2211    i.GPIO_Init         stm32f10x_gpio.o
    0x080023a6   0x00000012   Code   RO         2215    i.GPIO_ReadInputDataBit  stm32f10x_gpio.o
    0x080023b8   0x00000004   Code   RO         2218    i.GPIO_ResetBits    stm32f10x_gpio.o
    0x080023bc   0x00000004   Code   RO         2219    i.GPIO_SetBits      stm32f10x_gpio.o
    0x080023c0   0x00000004   Code   RO           21    i.HardFault_Handler  stm32f10x_it.o
    0x080023c4   0x00000002   Code   RO           22    i.I2C1_ER_IRQHandler  stm32f10x_it.o
    0x080023c6   0x00000002   Code   RO           23    i.I2C1_EV_IRQHandler  stm32f10x_it.o
    0x080023c8   0x00000002   Code   RO           24    i.I2C2_ER_IRQHandler  stm32f10x_it.o
    0x080023ca   0x00000002   Code   RO           25    i.I2C2_EV_IRQHandler  stm32f10x_it.o
    0x080023cc   0x000000a0   Code   RO          664    i.I2S2_DMA_Init     i2s.o
    0x0800246c   0x00000020   Code   RO          967    i.I2S_CODEC_Init    bsp_wm8978.o
    0x0800248c   0x00000018   Code   RO         2421    i.I2S_Cmd           stm32f10x_spi.o
    0x080024a4   0x00000040   Code   RO          968    i.I2S_GPIO_Config   bsp_wm8978.o
    0x080024e4   0x000000e8   Code   RO         2422    i.I2S_Init          stm32f10x_spi.o
    0x080025cc   0x000000a4   Code   RO          969    i.I2S_Mode_Config   bsp_wm8978.o
    0x08002670   0x0000003c   Code   RO          667    i.I2S_Play_Start    i2s.o
    0x080026ac   0x0000001c   Code   RO          668    i.I2S_Play_Stop     i2s.o
    0x080026c8   0x00000028   Code   RO          970    i.I2S_StartPlay     bsp_wm8978.o
    0x080026f0   0x0000002c   Code   RO          972    i.I2S_Stop          bsp_wm8978.o
    0x0800271c   0x0000006c   Code   RO         1260    i.Init_FreeList     voice.o
    0x08002788   0x00000014   Code   RO         1261    i.Init_PlayStatus   voice.o
    0x0800279c   0x00000004   Code   RO           26    i.MemManage_Handler  stm32f10x_it.o
    0x080027a0   0x00000002   Code   RO           27    i.NMI_Handler       stm32f10x_it.o
    0x080027a2   0x0000000e   Code   RO          525    i.NVICConfiguration  target.o
    0x080027b0   0x00000074   Code   RO         2325    i.NVIC_Init         misc.o
    0x08002824   0x00000014   Code   RO         2326    i.NVIC_PriorityGroupConfig  misc.o
    0x08002838   0x00000014   Code   RO         2327    i.NVIC_SetVectorTable  misc.o
    0x0800284c   0x00000018   Code   RO          456    i.OSCreateEvent     main.o
    0x08002864   0x00000114   Code   RO         1917    i.OSDebugInit       os_dbg.o
    0x08002978   0x0000002c   Code   RO         1361    i.OSInit            os_core.o
    0x080029a4   0x00000002   Code   RO         1850    i.OSInitHookBegin   os_cpu_c.o
    0x080029a6   0x00000002   Code   RO         1851    i.OSInitHookEnd     os_cpu_c.o
    0x080029a8   0x00000024   Code   RO         1362    i.OSIntEnter        os_core.o
    0x080029cc   0x00000090   Code   RO         1363    i.OSIntExit         os_core.o
    0x08002a5c   0x0000006a   Code   RO         1628    i.OSQAccept         os_q.o
    0x08002ac6   0x00000002   PAD
    0x08002ac8   0x000000a4   Code   RO         1629    i.OSQCreate         os_q.o
    0x08002b6c   0x00000078   Code   RO         1634    i.OSQPost           os_q.o
    0x08002be4   0x00000048   Code   RO         1364    i.OSStart           os_core.o
    0x08002c2c   0x00000002   Code   RO         1852    i.OSTCBInitHook     os_cpu_c.o
    0x08002c2e   0x00000002   PAD
    0x08002c30   0x000000ac   Code   RO         1754    i.OSTaskCreate      os_task.o
    0x08002cdc   0x000000c0   Code   RO         1755    i.OSTaskCreateExt   os_task.o
    0x08002d9c   0x00000002   Code   RO         1853    i.OSTaskCreateHook  os_cpu_c.o
    0x08002d9e   0x00000002   PAD
    0x08002da0   0x00000158   Code   RO         1756    i.OSTaskDel         os_task.o
    0x08002ef8   0x00000002   Code   RO         1854    i.OSTaskDelHook     os_cpu_c.o
    0x08002efa   0x00000002   Code   RO         1855    i.OSTaskIdleHook    os_cpu_c.o
    0x08002efc   0x000000ac   Code   RO         1759    i.OSTaskNameSet     os_task.o
    0x08002fa8   0x00000002   Code   RO         1856    i.OSTaskStatHook    os_cpu_c.o
    0x08002faa   0x00000002   PAD
    0x08002fac   0x000000a0   Code   RO         1762    i.OSTaskStkChk      os_task.o
    0x0800304c   0x0000009a   Code   RO         1857    i.OSTaskStkInit     os_cpu_c.o
    0x080030e6   0x00000002   PAD
    0x080030e8   0x000000bc   Code   RO         1763    i.OSTaskSuspend     os_task.o
    0x080031a4   0x00000002   Code   RO         1858    i.OSTaskSwHook      os_cpu_c.o
    0x080031a6   0x00000002   PAD
    0x080031a8   0x00000070   Code   RO         1826    i.OSTimeDly         os_time.o
    0x08003218   0x000000d8   Code   RO         1366    i.OSTimeTick        os_core.o
    0x080032f0   0x00000002   Code   RO         1368    i.OS_Dummy          os_core.o
    0x080032f2   0x00000002   PAD
    0x080032f4   0x00000088   Code   RO         1369    i.OS_EventTaskRdy   os_core.o
    0x0800337c   0x0000002a   Code   RO         1370    i.OS_EventTaskRemove  os_core.o
    0x080033a6   0x0000001c   Code   RO         1372    i.OS_EventWaitListInit  os_core.o
    0x080033c2   0x00000002   PAD
    0x080033c4   0x00000050   Code   RO         1373    i.OS_InitEventList  os_core.o
    0x08003414   0x0000004c   Code   RO         1374    i.OS_InitMisc       os_core.o
    0x08003460   0x00000048   Code   RO         1375    i.OS_InitRdyList    os_core.o
    0x080034a8   0x00000068   Code   RO         1376    i.OS_InitTCBList    os_core.o
    0x08003510   0x00000050   Code   RO         1377    i.OS_InitTaskIdle   os_core.o
    0x08003560   0x00000050   Code   RO         1378    i.OS_InitTaskStat   os_core.o
    0x080035b0   0x00000012   Code   RO         1379    i.OS_MemClr         os_core.o
    0x080035c2   0x00000002   PAD
    0x080035c4   0x00000038   Code   RO         1638    i.OS_QInit          os_q.o
    0x080035fc   0x00000074   Code   RO         1381    i.OS_Sched          os_core.o
    0x08003670   0x0000002c   Code   RO         1382    i.OS_SchedNew       os_core.o
    0x0800369c   0x0000001c   Code   RO         1383    i.OS_StrCopy        os_core.o
    0x080036b8   0x00000014   Code   RO         1384    i.OS_StrLen         os_core.o
    0x080036cc   0x0000012c   Code   RO         1385    i.OS_TCBInit        os_core.o
    0x080037f8   0x00000024   Code   RO         1386    i.OS_TaskIdle       os_core.o
    0x0800381c   0x00000088   Code   RO         1387    i.OS_TaskStat       os_core.o
    0x080038a4   0x0000003c   Code   RO         1388    i.OS_TaskStatStkChk  os_core.o
    0x080038e0   0x0000001a   Code   RO         1764    i.OS_TaskStkClr     os_task.o
    0x080038fa   0x00000002   Code   RO           28    i.PVD_IRQHandler    stm32f10x_it.o
    0x080038fc   0x00000074   Code   RO         1319    i.PlayCondition     playlogic.o
    0x08003970   0x00000054   Code   RO          593    i.PlayMusic         playsound.o
    0x080039c4   0x00000050   Code   RO         1262    i.PushNode          voice.o
    0x08003a14   0x0000006c   Code   RO          528    i.RCCConfiguration  target.o
    0x08003a80   0x00000018   Code   RO         1936    i.RCC_ADCCLKConfig  stm32f10x_rcc.o
    0x08003a98   0x00000020   Code   RO         1937    i.RCC_AHBPeriphClockCmd  stm32f10x_rcc.o
    0x08003ab8   0x00000020   Code   RO         1938    i.RCC_APB1PeriphClockCmd  stm32f10x_rcc.o
    0x08003ad8   0x00000020   Code   RO         1939    i.RCC_APB1PeriphResetCmd  stm32f10x_rcc.o
    0x08003af8   0x00000020   Code   RO         1940    i.RCC_APB2PeriphClockCmd  stm32f10x_rcc.o
    0x08003b18   0x00000020   Code   RO         1941    i.RCC_APB2PeriphResetCmd  stm32f10x_rcc.o
    0x08003b38   0x0000004c   Code   RO         1947    i.RCC_DeInit        stm32f10x_rcc.o
    0x08003b84   0x000000d8   Code   RO         1948    i.RCC_GetClocksFreq  stm32f10x_rcc.o
    0x08003c5c   0x0000003c   Code   RO         1949    i.RCC_GetFlagStatus  stm32f10x_rcc.o
    0x08003c98   0x00000010   Code   RO         1951    i.RCC_GetSYSCLKSource  stm32f10x_rcc.o
    0x08003ca8   0x00000018   Code   RO         1952    i.RCC_HCLKConfig    stm32f10x_rcc.o
    0x08003cc0   0x0000004c   Code   RO         1953    i.RCC_HSEConfig     stm32f10x_rcc.o
    0x08003d0c   0x00000002   Code   RO           30    i.RCC_IRQHandler    stm32f10x_it.o
    0x08003d0e   0x00000002   PAD
    0x08003d10   0x00000018   Code   RO         1959    i.RCC_PCLK1Config   stm32f10x_rcc.o
    0x08003d28   0x00000018   Code   RO         1960    i.RCC_PCLK2Config   stm32f10x_rcc.o
    0x08003d40   0x0000000c   Code   RO         1961    i.RCC_PLLCmd        stm32f10x_rcc.o
    0x08003d4c   0x0000001c   Code   RO         1962    i.RCC_PLLConfig     stm32f10x_rcc.o
    0x08003d68   0x00000018   Code   RO         1965    i.RCC_SYSCLKConfig  stm32f10x_rcc.o
    0x08003d80   0x00000038   Code   RO         1967    i.RCC_WaitForHSEStartUp  stm32f10x_rcc.o
    0x08003db8   0x00000002   Code   RO           31    i.RTCAlarm_IRQHandler  stm32f10x_it.o
    0x08003dba   0x00000002   PAD
    0x08003dbc   0x0000001c   Code   RO           32    i.RTC_IRQHandler    stm32f10x_it.o
    0x08003dd8   0x0000012c   Code   RO         5540    i.SDEnWideBus       sdio_sdcard.o
    0x08003f04   0x0000000c   Code   RO         2875    i.SDIO_ClearFlag    stm32f10x_sdio.o
    0x08003f10   0x0000000c   Code   RO         2876    i.SDIO_ClearITPendingBit  stm32f10x_sdio.o
    0x08003f1c   0x0000000c   Code   RO         2877    i.SDIO_ClockCmd     stm32f10x_sdio.o
    0x08003f28   0x0000000c   Code   RO         2880    i.SDIO_DMACmd       stm32f10x_sdio.o
    0x08003f34   0x00000030   Code   RO         2881    i.SDIO_DataConfig   stm32f10x_sdio.o
    0x08003f64   0x00000024   Code   RO         2883    i.SDIO_DeInit       stm32f10x_sdio.o
    0x08003f88   0x0000000c   Code   RO         2884    i.SDIO_GetCommandResponse  stm32f10x_sdio.o
    0x08003f94   0x00000018   Code   RO         2887    i.SDIO_GetFlagStatus  stm32f10x_sdio.o
    0x08003fac   0x00000010   Code   RO         2889    i.SDIO_GetPowerState  stm32f10x_sdio.o
    0x08003fbc   0x00000018   Code   RO         2890    i.SDIO_GetResponse  stm32f10x_sdio.o
    0x08003fd4   0x00000010   Code   RO           33    i.SDIO_IRQHandler   stm32f10x_it.o
    0x08003fe4   0x00000020   Code   RO         2891    i.SDIO_ITConfig     stm32f10x_sdio.o
    0x08004004   0x00000030   Code   RO         2892    i.SDIO_Init         stm32f10x_sdio.o
    0x08004034   0x0000000c   Code   RO         2893    i.SDIO_ReadData     stm32f10x_sdio.o
    0x08004040   0x0000002c   Code   RO         2895    i.SDIO_SendCommand  stm32f10x_sdio.o
    0x0800406c   0x0000001c   Code   RO         2897    i.SDIO_SetPowerState  stm32f10x_sdio.o
    0x08004088   0x00000010   Code   RO         5541    i.SD_DMAEndOfTransferStatus  sdio_sdcard.o
    0x08004098   0x00000064   Code   RO         5542    i.SD_DMA_RxConfig   sdio_sdcard.o
    0x080040fc   0x00000064   Code   RO         5543    i.SD_DMA_TxConfig   sdio_sdcard.o
    0x08004160   0x00000094   Code   RO         5545    i.SD_EnableWideBusOperation  sdio_sdcard.o
    0x080041f4   0x000002f8   Code   RO         5547    i.SD_GetCardInfo    sdio_sdcard.o
    0x080044ec   0x0000001a   Code   RO         5549    i.SD_GetState       sdio_sdcard.o
    0x08004506   0x0000001e   Code   RO         5550    i.SD_GetStatus      sdio_sdcard.o
    0x08004524   0x00000070   Code   RO         5552    i.SD_Init           sdio_sdcard.o
    0x08004594   0x0000013c   Code   RO         5553    i.SD_InitializeCards  sdio_sdcard.o
    0x080046d0   0x0000002a   Code   RO         5554    i.SD_NVIC_Configuration  sdio_sdcard.o
    0x080046fa   0x00000002   PAD
    0x080046fc   0x00000188   Code   RO         5556    i.SD_PowerON        sdio_sdcard.o
    0x08004884   0x00000058   Code   RO         5557    i.SD_ProcessIRQSrc  sdio_sdcard.o
    0x080048dc   0x000000e0   Code   RO         5558    i.SD_ReadBlock      sdio_sdcard.o
    0x080049bc   0x000000e8   Code   RO         5559    i.SD_ReadMultiBlocks  sdio_sdcard.o
    0x08004aa4   0x00000034   Code   RO         5560    i.SD_SelectDeselect  sdio_sdcard.o
    0x08004ad8   0x00000038   Code   RO         5562    i.SD_SendStatus     sdio_sdcard.o
    0x08004b10   0x00000040   Code   RO         5564    i.SD_WaitReadOperation  sdio_sdcard.o
    0x08004b50   0x00000024   Code   RO         5565    i.SD_WaitTransferOK  sdio_sdcard.o
    0x08004b74   0x00000048   Code   RO         5566    i.SD_WaitWriteOperation  sdio_sdcard.o
    0x08004bbc   0x000000dc   Code   RO         5567    i.SD_WriteBlock     sdio_sdcard.o
    0x08004c98   0x00000148   Code   RO         5568    i.SD_WriteMultiBlocks  sdio_sdcard.o
    0x08004de0   0x00000002   Code   RO           34    i.SPI1_IRQHandler   stm32f10x_it.o
    0x08004de2   0x00000002   Code   RO           35    i.SPI2_IRQHandler   stm32f10x_it.o
    0x08004de4   0x00000012   Code   RO         2432    i.SPI_I2S_DMACmd    stm32f10x_spi.o
    0x08004df6   0x00000002   PAD
    0x08004df8   0x00000058   Code   RO         2433    i.SPI_I2S_DeInit    stm32f10x_spi.o
    0x08004e50   0x00000020   Code   RO         2436    i.SPI_I2S_ITConfig  stm32f10x_spi.o
    0x08004e70   0x00000002   Code   RO           36    i.SVC_Handler       stm32f10x_it.o
    0x08004e72   0x00000002   PAD
    0x08004e74   0x00000040   Code   RO          829    i.StartPlay_Init    wavplay.o
    0x08004eb4   0x0000005c   Code   RO          529    i.SysTickConfiguartion  target.o
    0x08004f10   0x0000002c   Code   RO           37    i.SysTick_Handler   stm32f10x_it.o
    0x08004f3c   0x00000002   Code   RO           38    i.TAMPER_IRQHandler  stm32f10x_it.o
    0x08004f3e   0x00000002   Code   RO           39    i.TIM1_BRK_IRQHandler  stm32f10x_it.o
    0x08004f40   0x00000002   Code   RO           40    i.TIM1_CC_IRQHandler  stm32f10x_it.o
    0x08004f42   0x00000002   Code   RO           41    i.TIM1_TRG_COM_IRQHandler  stm32f10x_it.o
    0x08004f44   0x00000002   Code   RO           42    i.TIM1_UP_IRQHandler  stm32f10x_it.o
    0x08004f46   0x00000002   Code   RO           43    i.TIM2_IRQHandler   stm32f10x_it.o
    0x08004f48   0x00000002   Code   RO           44    i.TIM3_IRQHandler   stm32f10x_it.o
    0x08004f4a   0x00000002   Code   RO           45    i.TIM4_IRQHandler   stm32f10x_it.o
    0x08004f4c   0x00000018   Code   RO          530    i.TargetInit        target.o
    0x08004f64   0x00000144   Code   RO         1243    i.TaskCanSendMessage  task5.o
    0x080050a8   0x00000048   Code   RO          594    i.TaskPLAYSOUND     playsound.o
    0x080050f0   0x00000218   Code   RO         1320    i.TaskPlayLogic     playlogic.o
    0x08005308   0x000000a8   Code   RO          457    i.TaskStart         main.o
    0x080053b0   0x00000044   Code   RO           46    i.USART1_IRQHandler  stm32f10x_it.o
    0x080053f4   0x00000002   Code   RO           47    i.USART2_IRQHandler  stm32f10x_it.o
    0x080053f6   0x00000002   Code   RO           48    i.USART3_IRQHandler  stm32f10x_it.o
    0x080053f8   0x00000012   Code   RO         2691    i.USART_ClearFlag   stm32f10x_usart.o
    0x0800540a   0x0000001a   Code   RO         2698    i.USART_GetFlagStatus  stm32f10x_usart.o
    0x08005424   0x00000054   Code   RO         2699    i.USART_GetITStatus  stm32f10x_usart.o
    0x08005478   0x0000000a   Code   RO         2709    i.USART_ReceiveData  stm32f10x_usart.o
    0x08005482   0x00000008   Code   RO         2712    i.USART_SendData    stm32f10x_usart.o
    0x0800548a   0x00000002   Code   RO           49    i.USBWakeUp_IRQHandler  stm32f10x_it.o
    0x0800548c   0x00000002   Code   RO           50    i.USB_HP_CAN1_TX_IRQHandler  stm32f10x_it.o
    0x0800548e   0x00000002   PAD
    0x08005490   0x00000028   Code   RO           51    i.USB_LP_CAN1_RX0_IRQHandler  stm32f10x_it.o
    0x080054b8   0x00000004   Code   RO           52    i.UsageFault_Handler  stm32f10x_it.o
    0x080054bc   0x00000034   Code   RO          531    i.UserTick          target.o
    0x080054f0   0x0000000c   Code   RO         1321    i.VM8978StartPlay   playlogic.o
    0x080054fc   0x00000002   Code   RO           53    i.WWDG_IRQHandler   stm32f10x_it.o
    0x080054fe   0x00000002   PAD
    0x08005500   0x00000020   Code   RO         5847    i.__0printf$2       mc_w.l(printf2.o)
    0x08005520   0x0000000e   Code   RO         6087    i.__scatterload_copy  mc_w.l(handlers.o)
    0x0800552e   0x00000002   Code   RO         6088    i.__scatterload_null  mc_w.l(handlers.o)
    0x08005530   0x0000000e   Code   RO         6089    i.__scatterload_zeroinit  mc_w.l(handlers.o)
    0x0800553e   0x000000d0   Code   RO         5854    i._printf_core      mc_w.l(printf2.o)
    0x0800560e   0x00000002   PAD
    0x08005610   0x00000014   Code   RO          831    i.audio_stop        wavplay.o
    0x08005624   0x00000090   Code   RO         5198    i.check_fs          ff.o
    0x080056b4   0x00000014   Code   RO         5199    i.chk_chr           ff.o
    0x080056c8   0x00000398   Code   RO         5200    i.chk_mounted       ff.o
    0x08005a60   0x0000001a   Code   RO         5201    i.clust2sect        ff.o
    0x08005a7a   0x00000002   PAD
    0x08005a7c   0x00000090   Code   RO         5202    i.cmp_lfn           ff.o
    0x08005b0c   0x000000ca   Code   RO         5203    i.create_chain      ff.o
    0x08005bd6   0x00000002   PAD
    0x08005bd8   0x0000026c   Code   RO         5204    i.create_name       ff.o
    0x08005e44   0x000000de   Code   RO         5205    i.dir_find          ff.o
    0x08005f22   0x00000114   Code   RO         5206    i.dir_next          ff.o
    0x08006036   0x000000be   Code   RO         5207    i.dir_read          ff.o
    0x080060f4   0x0000018c   Code   RO         5208    i.dir_register      ff.o
    0x08006280   0x0000009c   Code   RO         5210    i.dir_sdi           ff.o
    0x0800631c   0x00000018   Code   RO         5073    i.disk_initialize   diskio.o
    0x08006334   0x00000006   Code   RO         5074    i.disk_ioctl        diskio.o
    0x0800633a   0x00000002   PAD
    0x0800633c   0x000000a0   Code   RO         5075    i.disk_read         diskio.o
    0x080063dc   0x00000006   Code   RO         5076    i.disk_status       diskio.o
    0x080063e2   0x00000002   PAD
    0x080063e4   0x000000a0   Code   RO         5077    i.disk_write        diskio.o
    0x08006484   0x00000016   Code   RO         5212    i.f_close           ff.o
    0x0800649a   0x000001ae   Code   RO         5214    i.f_lseek           ff.o
    0x08006648   0x0000002c   Code   RO         5216    i.f_mount           ff.o
    0x08006674   0x0000015c   Code   RO         5217    i.f_open            ff.o
    0x080067d0   0x00000078   Code   RO         5218    i.f_opendir         ff.o
    0x08006848   0x000001ca   Code   RO         5219    i.f_read            ff.o
    0x08006a12   0x00000062   Code   RO         5220    i.f_readdir         ff.o
    0x08006a74   0x000000a4   Code   RO         5223    i.f_sync            ff.o
    0x08006b18   0x0000007c   Code   RO         5475    i.ff_convert        cc936.o
    0x08006b94   0x00000038   Code   RO         5476    i.ff_wtoupper       cc936.o
    0x08006bcc   0x00000080   Code   RO         5228    i.fit_lfn           ff.o
    0x08006c4c   0x00000092   Code   RO         5229    i.follow_path       ff.o
    0x08006cde   0x00000002   PAD
    0x08006ce0   0x00000030   Code   RO         5506    i.fputc             printf.o
    0x08006d10   0x000000be   Code   RO         5230    i.gen_numname       ff.o
    0x08006dce   0x000000e4   Code   RO         5231    i.get_fat           ff.o
    0x08006eb2   0x0000013c   Code   RO         5232    i.get_fileinfo      ff.o
    0x08006fee   0x00000002   PAD
    0x08006ff0   0x00000030   Code   RO          894    i.i2c_CfgGpio       test_wm8978.o
    0x08007020   0x00000020   Code   RO          895    i.i2c_CheckDevice   test_wm8978.o
    0x08007040   0x0000000e   Code   RO          896    i.i2c_Delay         test_wm8978.o
    0x0800704e   0x00000002   PAD
    0x08007050   0x0000005c   Code   RO          899    i.i2c_SendByte      test_wm8978.o
    0x080070ac   0x00000034   Code   RO          900    i.i2c_Start         test_wm8978.o
    0x080070e0   0x00000024   Code   RO          901    i.i2c_Stop          test_wm8978.o
    0x08007104   0x00000040   Code   RO          902    i.i2c_WaitAck       test_wm8978.o
    0x08007144   0x00000020   Code   RO         5233    i.ld_clust          ff.o
    0x08007164   0x00000030   Code   RO          458    i.main              main.o
    0x08007194   0x00000026   Code   RO         5234    i.mem_cmp           ff.o
    0x080071ba   0x0000001a   Code   RO         5235    i.mem_cpy           ff.o
    0x080071d4   0x00000014   Code   RO         5236    i.mem_set           ff.o
    0x080071e8   0x00000072   Code   RO         5237    i.move_window       ff.o
    0x0800725a   0x00000002   PAD
    0x0800725c   0x0000006c   Code   RO          718    i.my_mem_free       malloc.o
    0x080072c8   0x00000044   Code   RO          719    i.my_mem_init       malloc.o
    0x0800730c   0x000000a8   Code   RO          720    i.my_mem_malloc     malloc.o
    0x080073b4   0x00000040   Code   RO          721    i.my_mem_perused    malloc.o
    0x080073f4   0x00000024   Code   RO          722    i.myfree            malloc.o
    0x08007418   0x00000024   Code   RO          723    i.mymalloc          malloc.o
    0x0800743c   0x00000014   Code   RO          725    i.mymemset          malloc.o
    0x08007450   0x00000074   Code   RO         5238    i.pick_lfn          ff.o
    0x080074c4   0x0000013c   Code   RO         5239    i.put_fat           ff.o
    0x08007600   0x00000068   Code   RO         5240    i.remove_chain      ff.o
    0x08007668   0x00000006   Code   RO          669    i.reset_dma_buf     i2s.o
    0x0800766e   0x00000010   Code   RO         5241    i.st_clust          ff.o
    0x0800767e   0x00000020   Code   RO         5242    i.sum_sfn           ff.o
    0x0800769e   0x000000ca   Code   RO         5243    i.sync              ff.o
    0x08007768   0x00000034   Code   RO         5244    i.validate          ff.o
    0x0800779c   0x00000104   Code   RO          833    i.wav_decode_init   wavplay.o
    0x080078a0   0x0000000c   Code   RO          834    i.wav_i2s_dma_tx_callback  wavplay.o
    0x080078ac   0x00000190   Code   RO          835    i.wav_play_song     wavplay.o
    0x08007a3c   0x0000000a   Code   RO          836    i.wav_play_stop     wavplay.o
    0x08007a46   0x00000066   Code   RO          976    i.wm8978_CfgAudioIF  bsp_wm8978.o
    0x08007aac   0x000000e4   Code   RO          977    i.wm8978_CfgInOut   bsp_wm8978.o
    0x08007b90   0x00000042   Code   RO          978    i.wm8978_ChangeVolume  bsp_wm8978.o
    0x08007bd2   0x00000016   Code   RO          979    i.wm8978_CtrlGPIO1  bsp_wm8978.o
    0x08007be8   0x00000014   Code   RO          981    i.wm8978_Dac2Spk    bsp_wm8978.o
    0x08007bfc   0x0000001e   Code   RO          982    i.wm8978_Init       bsp_wm8978.o
    0x08007c1a   0x00000002   PAD
    0x08007c1c   0x0000003c   Code   RO          990    i.wm8978_Reset      bsp_wm8978.o
    0x08007c58   0x00000088   Code   RO          992    i.wm8978_WriteReg   bsp_wm8978.o
    0x08007ce0   0x00000028   Data   RO          596    .constdata          playsound.o
    0x08007d08   0x00000024   Data   RO          732    .constdata          malloc.o
    0x08007d2c   0x00000074   Data   RO          993    .constdata          bsp_wm8978.o
    0x08007da0   0x00000100   Data   RO         1390    .constdata          os_core.o
    0x08007ea0   0x0000005e   Data   RO         1918    .constdata          os_dbg.o
    0x08007efe   0x0000000d   Data   RO         5245    .constdata          ff.o
    0x08007f0b   0x00000001   PAD
    0x08007f0c   0x0002acc8   Data   RO         5477    .constdata          cc936.o
    0x08032bd4   0x00000008   Data   RO         5571    .constdata          sdio_sdcard.o
    0x08032bdc   0x00000020   Data   RO         6085    Region$$Table       anon$$obj.o


    Execution Region RW_IRAM1 (Base: 0x20000000, Size: 0x0000a148, Max: 0x0000c000, ABSOLUTE, COMPRESSED[0x0000006c])

    Base Addr    Size         Type   Attr      Idx    E Section Name        Object

    0x20000000   0x00000012   Data   RW          597    .data               playsound.o
    0x20000012   0x00000002   PAD
    0x20000014   0x00000004   Data   RW          671    .data               i2s.o
    0x20000018   0x00000024   Data   RW          733    .data               malloc.o
    0x2000003c   0x00000008   Data   RW          838    .data               wavplay.o
    0x20000044   0x00000074   Data   RW          994    .data               bsp_wm8978.o
    0x200000b8   0x00000016   Data   RW         1145    .data               can.o
    0x200000ce   0x00000002   PAD
    0x200000d0   0x0000002c   Data   RW         1264    .data               voice.o
    0x200000fc   0x00000002   Data   RW         1322    .data               playlogic.o
    0x200000fe   0x00000002   PAD
    0x20000100   0x0000003c   Data   RW         1391    .data               os_core.o
    0x2000013c   0x00000014   Data   RW         1968    .data               stm32f10x_rcc.o
    0x20000150   0x00000014   Data   RW         5034    .data               system_stm32f10x.o
    0x20000164   0x00000006   Data   RW         5246    .data               ff.o
    0x2000016a   0x00000002   PAD
    0x2000016c   0x00000014   Data   RW         5572    .data               sdio_sdcard.o
    0x20000180   0x00000004   Data   RW         6061    .data               mc_w.l(stdout.o)
    0x20000184   0x00002000   Zero   RW          459    .bss                main.o
    0x20002184   0x000009ec   Zero   RW          595    .bss                playsound.o
    0x20002b70   0x00000010   PAD
    0x20002b80   0x00002d00   Zero   RW          731    .bss                malloc.o
    0x20005880   0x00002031   Zero   RW          837    .bss                wavplay.o
    0x200078b1   0x00000003   PAD
    0x200078b4   0x00000e5c   Zero   RW         1144    .bss                can.o
    0x20008710   0x00000714   Zero   RW         1263    .bss                voice.o
    0x20008e24   0x00000e60   Zero   RW         1389    .bss                os_core.o
    0x20009c84   0x000000c4   Zero   RW         5570    .bss                sdio_sdcard.o
    0x20009d48   0x00000400   Zero   RW         5064    STACK               startup_stm32f10x_hd.o



  Load Region LR$$.ARM.__AT_0x10000000 (Base: 0x10000000, Size: 0x00000000, Max: 0x00000400, ABSOLUTE)

    Execution Region ER$$.ARM.__AT_0x10000000 (Base: 0x10000000, Size: 0x00000400, Max: 0x00000400, ABSOLUTE, UNINIT)

    Base Addr    Size         Type   Attr      Idx    E Section Name        Object

    0x10000000   0x00000400   Zero   RW          727    .ARM.__AT_0x10000000  malloc.o



  Load Region LR$$.ARM.__AT_0x10000400 (Base: 0x10000400, Size: 0x00000000, Max: 0x00000080, ABSOLUTE)

    Execution Region ER$$.ARM.__AT_0x10000400 (Base: 0x10000400, Size: 0x00000080, Max: 0x00000080, ABSOLUTE, UNINIT)

    Base Addr    Size         Type   Attr      Idx    E Section Name        Object

    0x10000400   0x00000080   Zero   RW          728    .ARM.__AT_0x10000400  malloc.o



  Load Region LR$$.ARM.__AT_0x68000000 (Base: 0x68000000, Size: 0x00000000, Max: 0x00000400, ABSOLUTE)

    Execution Region ER$$.ARM.__AT_0x68000000 (Base: 0x68000000, Size: 0x00000400, Max: 0x00000400, ABSOLUTE, UNINIT)

    Base Addr    Size         Type   Attr      Idx    E Section Name        Object

    0x68000000   0x00000400   Zero   RW          729    .ARM.__AT_0x68000000  malloc.o



  Load Region LR$$.ARM.__AT_0x68000400 (Base: 0x68000400, Size: 0x00000000, Max: 0x00000080, ABSOLUTE)

    Execution Region ER$$.ARM.__AT_0x68000400 (Base: 0x68000400, Size: 0x00000080, Max: 0x00000080, ABSOLUTE, UNINIT)

    Base Addr    Size         Type   Attr      Idx    E Section Name        Object

    0x68000400   0x00000080   Zero   RW          730    .ARM.__AT_0x68000400  malloc.o


==============================================================================

Image component sizes


      Code (inc. data)   RO Data    RW Data    ZI Data      Debug   Object Name

      1008         40        116        116          0       8293   bsp_wm8978.o
      2466        122          0         22       3676      12895   can.o
       180         18     175304          0          0       2751   cc936.o
       356         60          0          0          0      11538   diskio.o
         0          0          0          0          0       1188   do_fatfs.o
      7076         66         13          6          0      36576   ff.o
       254         26          0          4          0       2695   i2s.o
       240         60          0          0       8192      16782   main.o
       500         58         36         36      13824       6158   malloc.o
       156         32          0          0          0       4213   misc.o
      1970        360        256         60       3680      23711   os_core.o
       164         32          0          0          0        364   os_cpu_a.o
       170          0          0          0          0      14554   os_cpu_c.o
       276        182         94          0          0       2993   os_dbg.o
         0          0          0          0          0       8496   os_flag.o
       446         24          0          0          0       3317   os_q.o
      1254        104          0          0          0       6528   os_task.o
       112         16          0          0          0        644   os_time.o
       976        104          0          2          0       4158   playlogic.o
       384         44         40         18       2540     211278   playsound.o
        48          4          0          0          0        608   printf.o
      4682        352          8         20        196      24907   sdio_sdcard.o
        44         12        304          0       1024        900   startup_stm32f10x_hd.o
       482         24          0          0          0      17862   stm32f10x_adc.o
      1508         32          0          0          0      17242   stm32f10x_can.o
       582         48          0          0          0      17492   stm32f10x_dma.o
        52         12          0          0          0       1213   stm32f10x_flash.o
       300          0          0          0          0      21392   stm32f10x_gpio.o
       362         26          0          0          0     285461   stm32f10x_it.o
       820        120          0         20          0      22887   stm32f10x_rcc.o
       372         86          0          0          0      20163   stm32f10x_sdio.o
       394         18          0          0          0      11882   stm32f10x_spi.o
       146          0          0          0          0      11073   stm32f10x_usart.o
         0          0          0         20          0        712   system_stm32f10x.o
       338         24          0          0          0      18273   target.o
       324         12          0          0          0        681   task5.o
       368         26          0          0          0       3986   test_wm8978.o
       948        102          0         44       1812       7887   voice.o
       766         62          0          8       8241       5772   wavplay.o

    ----------------------------------------------------------------------
     30588       2308     176204        384      43204     869525   Object Totals
         0          0         32          0          0          0   (incl. Generated)
        64          0          1          8         19          0   (incl. Padding)

    ----------------------------------------------------------------------

      Code (inc. data)   RO Data    RW Data    ZI Data      Debug   Library Member Name

        92          0          0          0          0          0   __dczerorl2.o
         0          0          0          0          0          0   entry.o
         0          0          0          0          0          0   entry10a.o
         0          0          0          0          0          0   entry11a.o
         8          4          0          0          0          0   entry2.o
         4          0          0          0          0          0   entry5.o
         0          0          0          0          0          0   entry7b.o
         0          0          0          0          0          0   entry8b.o
         8          4          0          0          0          0   entry9a.o
        30          0          0          0          0          0   handlers.o
        36          8          0          0          0         68   init.o
         0          0          0          0          0          0   iusefp.o
        30          0          0          0          0         68   llshl.o
        32          0          0          0          0         68   llushr.o
        36          0          0          0          0         68   memcpya.o
        36          0          0          0          0        108   memseta.o
       240         10          0          0          0        176   printf2.o
         0          0          0          4          0          0   stdout.o
        24          0          0          0          0         68   strcat.o
       190          0          0          0          0        176   depilogue.o
        50          0          0          0          0         76   dfixui.o
        26          0          0          0          0         76   dfltui.o
       228          0          0          0          0         92   dmul.o

    ----------------------------------------------------------------------
      1076         26          0          4          0       1044   Library Totals
         6          0          0          0          0          0   (incl. Padding)

    ----------------------------------------------------------------------

      Code (inc. data)   RO Data    RW Data    ZI Data      Debug   Library Name

       576         26          0          4          0        624   mc_w.l
       494          0          0          0          0        420   mf_w.l

    ----------------------------------------------------------------------
      1076         26          0          4          0       1044   Library Totals

    ----------------------------------------------------------------------

==============================================================================


      Code (inc. data)   RO Data    RW Data    ZI Data      Debug   

     31664       2334     176204        388      43204     852733   Grand Totals
     31664       2334     176204        108      43204     852733   ELF Image Totals (compressed)
     31664       2334     176204        108          0          0   ROM Totals

==============================================================================

    Total RO  Size (Code + RO Data)               207868 ( 203.00kB)
    Total RW  Size (RW Data + ZI Data)             43592 (  42.57kB)
    Total ROM Size (Code + RO Data + RW Data)     207976 ( 203.10kB)

==============================================================================

